Archive member included to satisfy reference by file (symbol)

e:/vscode-cortexdebug2/tools/gnuarm/bin/../lib/gcc/arm-none-eabi/10.3.1/../../../../arm-none-eabi/lib/thumb/v7e-m+fp/hard\libm.a(lib_a-sf_cos.o)
                              build/./Core/Src/main.o (cosf)
e:/vscode-cortexdebug2/tools/gnuarm/bin/../lib/gcc/arm-none-eabi/10.3.1/../../../../arm-none-eabi/lib/thumb/v7e-m+fp/hard\libm.a(lib_a-sf_floor.o)
                              build/./Core/Src/main.o (floorf)
e:/vscode-cortexdebug2/tools/gnuarm/bin/../lib/gcc/arm-none-eabi/10.3.1/../../../../arm-none-eabi/lib/thumb/v7e-m+fp/hard\libm.a(lib_a-sf_sin.o)
                              build/./Core/Src/main.o (sinf)
e:/vscode-cortexdebug2/tools/gnuarm/bin/../lib/gcc/arm-none-eabi/10.3.1/../../../../arm-none-eabi/lib/thumb/v7e-m+fp/hard\libm.a(lib_a-wf_acos.o)
                              build/./Core/Src/main.o (acosf)
e:/vscode-cortexdebug2/tools/gnuarm/bin/../lib/gcc/arm-none-eabi/10.3.1/../../../../arm-none-eabi/lib/thumb/v7e-m+fp/hard\libm.a(lib_a-wf_exp.o)
                              build/./Core/Src/main.o (expf)
e:/vscode-cortexdebug2/tools/gnuarm/bin/../lib/gcc/arm-none-eabi/10.3.1/../../../../arm-none-eabi/lib/thumb/v7e-m+fp/hard\libm.a(lib_a-wf_log.o)
                              build/./Core/Src/main.o (logf)
e:/vscode-cortexdebug2/tools/gnuarm/bin/../lib/gcc/arm-none-eabi/10.3.1/../../../../arm-none-eabi/lib/thumb/v7e-m+fp/hard\libm.a(lib_a-wf_sqrt.o)
                              build/./Core/Src/main.o (sqrtf)
e:/vscode-cortexdebug2/tools/gnuarm/bin/../lib/gcc/arm-none-eabi/10.3.1/../../../../arm-none-eabi/lib/thumb/v7e-m+fp/hard\libm.a(lib_a-ef_acos.o)
                              e:/vscode-cortexdebug2/tools/gnuarm/bin/../lib/gcc/arm-none-eabi/10.3.1/../../../../arm-none-eabi/lib/thumb/v7e-m+fp/hard\libm.a(lib_a-wf_acos.o) (__ieee754_acosf)
e:/vscode-cortexdebug2/tools/gnuarm/bin/../lib/gcc/arm-none-eabi/10.3.1/../../../../arm-none-eabi/lib/thumb/v7e-m+fp/hard\libm.a(lib_a-ef_exp.o)
                              e:/vscode-cortexdebug2/tools/gnuarm/bin/../lib/gcc/arm-none-eabi/10.3.1/../../../../arm-none-eabi/lib/thumb/v7e-m+fp/hard\libm.a(lib_a-wf_exp.o) (__ieee754_expf)
e:/vscode-cortexdebug2/tools/gnuarm/bin/../lib/gcc/arm-none-eabi/10.3.1/../../../../arm-none-eabi/lib/thumb/v7e-m+fp/hard\libm.a(lib_a-ef_log.o)
                              e:/vscode-cortexdebug2/tools/gnuarm/bin/../lib/gcc/arm-none-eabi/10.3.1/../../../../arm-none-eabi/lib/thumb/v7e-m+fp/hard\libm.a(lib_a-wf_log.o) (__ieee754_logf)
e:/vscode-cortexdebug2/tools/gnuarm/bin/../lib/gcc/arm-none-eabi/10.3.1/../../../../arm-none-eabi/lib/thumb/v7e-m+fp/hard\libm.a(lib_a-ef_rem_pio2.o)
                              e:/vscode-cortexdebug2/tools/gnuarm/bin/../lib/gcc/arm-none-eabi/10.3.1/../../../../arm-none-eabi/lib/thumb/v7e-m+fp/hard\libm.a(lib_a-sf_cos.o) (__ieee754_rem_pio2f)
e:/vscode-cortexdebug2/tools/gnuarm/bin/../lib/gcc/arm-none-eabi/10.3.1/../../../../arm-none-eabi/lib/thumb/v7e-m+fp/hard\libm.a(lib_a-ef_sqrt.o)
                              e:/vscode-cortexdebug2/tools/gnuarm/bin/../lib/gcc/arm-none-eabi/10.3.1/../../../../arm-none-eabi/lib/thumb/v7e-m+fp/hard\libm.a(lib_a-wf_sqrt.o) (__ieee754_sqrtf)
e:/vscode-cortexdebug2/tools/gnuarm/bin/../lib/gcc/arm-none-eabi/10.3.1/../../../../arm-none-eabi/lib/thumb/v7e-m+fp/hard\libm.a(lib_a-kf_cos.o)
                              e:/vscode-cortexdebug2/tools/gnuarm/bin/../lib/gcc/arm-none-eabi/10.3.1/../../../../arm-none-eabi/lib/thumb/v7e-m+fp/hard\libm.a(lib_a-sf_cos.o) (__kernel_cosf)
e:/vscode-cortexdebug2/tools/gnuarm/bin/../lib/gcc/arm-none-eabi/10.3.1/../../../../arm-none-eabi/lib/thumb/v7e-m+fp/hard\libm.a(lib_a-kf_rem_pio2.o)
                              e:/vscode-cortexdebug2/tools/gnuarm/bin/../lib/gcc/arm-none-eabi/10.3.1/../../../../arm-none-eabi/lib/thumb/v7e-m+fp/hard\libm.a(lib_a-ef_rem_pio2.o) (__kernel_rem_pio2f)
e:/vscode-cortexdebug2/tools/gnuarm/bin/../lib/gcc/arm-none-eabi/10.3.1/../../../../arm-none-eabi/lib/thumb/v7e-m+fp/hard\libm.a(lib_a-kf_sin.o)
                              e:/vscode-cortexdebug2/tools/gnuarm/bin/../lib/gcc/arm-none-eabi/10.3.1/../../../../arm-none-eabi/lib/thumb/v7e-m+fp/hard\libm.a(lib_a-sf_cos.o) (__kernel_sinf)
e:/vscode-cortexdebug2/tools/gnuarm/bin/../lib/gcc/arm-none-eabi/10.3.1/../../../../arm-none-eabi/lib/thumb/v7e-m+fp/hard\libm.a(lib_a-math_errf.o)
                              e:/vscode-cortexdebug2/tools/gnuarm/bin/../lib/gcc/arm-none-eabi/10.3.1/../../../../arm-none-eabi/lib/thumb/v7e-m+fp/hard\libm.a(lib_a-ef_exp.o) (__math_uflowf)
e:/vscode-cortexdebug2/tools/gnuarm/bin/../lib/gcc/arm-none-eabi/10.3.1/../../../../arm-none-eabi/lib/thumb/v7e-m+fp/hard\libm.a(lib_a-sf_fabs.o)
                              e:/vscode-cortexdebug2/tools/gnuarm/bin/../lib/gcc/arm-none-eabi/10.3.1/../../../../arm-none-eabi/lib/thumb/v7e-m+fp/hard\libm.a(lib_a-wf_acos.o) (fabsf)
[...]
Memory Configuration

Name             Origin             Length             Attributes
RAM              0x20000000         0x00018000         xrw
FLASH            0x08000000         0x00060000         xr
*default*        0x00000000         0xffffffff

Linker script and memory map

LOAD e:/vscode-cortexdebug2/tools/gnuarm/bin/../lib/gcc/arm-none-eabi/10.3.1/thumb/v7e-m+fp/hard/crti.o
LOAD e:/vscode-cortexdebug2/tools/gnuarm/bin/../lib/gcc/arm-none-eabi/10.3.1/thumb/v7e-m+fp/hard/crtbegin.o
LOAD e:/vscode-cortexdebug2/tools/gnuarm/bin/../lib/gcc/arm-none-eabi/10.3.1/../../../../arm-none-eabi/lib/thumb/v7e-m+fp/hard/crt0.o
LOAD build/./Core/Src/dual240.o
LOAD build/./Core/Src/font8.o
LOAD build/./Core/Src/main.o
LOAD build/./Core/Src/st7789.o
LOAD build/./Core/Src/stm32f4xx_hal_msp.o
LOAD build/./Core/Src/stm32f4xx_it.o
LOAD build/./Core/Src/syscalls.o
LOAD build/./Core/Src/sysmem.o
LOAD build/./Core/Src/system_stm32f4xx.o
LOAD build/./Core/Src/uvmete240.o
LOAD build/./Drivers/STM32F4xx_HAL_Driver/Src/stm32f4xx_hal.o
LOAD build/./Drivers/STM32F4xx_HAL_Driver/Src/stm32f4xx_hal_cortex.o
LOAD build/./Drivers/STM32F4xx_HAL_Driver/Src/stm32f4xx_hal_dma.o
LOAD build/./Drivers/STM32F4xx_HAL_Driver/Src/stm32f4xx_hal_dma_ex.o
LOAD build/./Drivers/STM32F4xx_HAL_Driver/Src/stm32f4xx_hal_exti.o
LOAD build/./Drivers/STM32F4xx_HAL_Driver/Src/stm32f4xx_hal_flash.o
LOAD build/./Drivers/STM32F4xx_HAL_Driver/Src/stm32f4xx_hal_flash_ex.o
LOAD build/./Drivers/STM32F4xx_HAL_Driver/Src/stm32f4xx_hal_flash_ramfunc.o
LOAD build/./Drivers/STM32F4xx_HAL_Driver/Src/stm32f4xx_hal_gpio.o
LOAD build/./Drivers/STM32F4xx_HAL_Driver/Src/stm32f4xx_hal_i2s.o
LOAD build/./Drivers/STM32F4xx_HAL_Driver/Src/stm32f4xx_hal_i2s_ex.o
LOAD build/./Drivers/STM32F4xx_HAL_Driver/Src/stm32f4xx_hal_pcd.o
LOAD build/./Drivers/STM32F4xx_HAL_Driver/Src/stm32f4xx_hal_pcd_ex.o
LOAD build/./Drivers/STM32F4xx_HAL_Driver/Src/stm32f4xx_hal_pwr.o
LOAD build/./Drivers/STM32F4xx_HAL_Driver/Src/stm32f4xx_hal_pwr_ex.o
LOAD build/./Drivers/STM32F4xx_HAL_Driver/Src/stm32f4xx_hal_rcc.o
LOAD build/./Drivers/STM32F4xx_HAL_Driver/Src/stm32f4xx_hal_rcc_ex.o
LOAD build/./Drivers/STM32F4xx_HAL_Driver/Src/stm32f4xx_hal_spi.o
LOAD build/./Drivers/STM32F4xx_HAL_Driver/Src/stm32f4xx_hal_tim.o
LOAD build/./Drivers/STM32F4xx_HAL_Driver/Src/stm32f4xx_hal_tim_ex.o
LOAD build/./Drivers/STM32F4xx_HAL_Driver/Src/stm32f4xx_hal_uart.o
LOAD build/./Drivers/STM32F4xx_HAL_Driver/Src/stm32f4xx_ll_dma.o
LOAD build/./Drivers/STM32F4xx_HAL_Driver/Src/stm32f4xx_ll_exti.o
LOAD build/./Drivers/STM32F4xx_HAL_Driver/Src/stm32f4xx_ll_gpio.o
LOAD build/./Drivers/STM32F4xx_HAL_Driver/Src/stm32f4xx_ll_rcc.o
LOAD build/./Drivers/STM32F4xx_HAL_Driver/Src/stm32f4xx_ll_tim.o
LOAD build/./Drivers/STM32F4xx_HAL_Driver/Src/stm32f4xx_ll_usb.o
LOAD build/./Drivers/STM32F4xx_HAL_Driver/Src/stm32f4xx_ll_utils.o
LOAD build/./Middlewares/ST/STM32_USB_Device_Library/Core/Src/usbd_core.o
LOAD build/./Middlewares/ST/STM32_USB_Device_Library/Core/Src/usbd_ctlreq.o
LOAD build/./Middlewares/ST/STM32_USB_Device_Library/Core/Src/usbd_ioreq.o
LOAD build/./Middlewares/ST/STM32_USB_Device_Library/Class/AUDIO/Src/usbd_audio.o
LOAD build/./USB_DEVICE/App/usb_device.o
LOAD build/./USB_DEVICE/App/usbd_audio_if.o
LOAD build/./USB_DEVICE/App/usbd_desc.o
LOAD build/./USB_DEVICE/Target/usbd_conf.o
LOAD build/Core/Startup/startup_stm32f401cdux.o
START GROUP
END GROUP
                0x00000400                STACK_SIZE = 0x400
LOAD e:/vscode-cortexdebug2/tools/gnuarm/bin/../lib/gcc/arm-none-eabi/10.3.1/../../../../arm-none-eabi/lib/thumb/v7e-m+fp/hard\libstdc++_nano.a
LOAD e:/vscode-cortexdebug2/tools/gnuarm/bin/../lib/gcc/arm-none-eabi/10.3.1/../../../../arm-none-eabi/lib/thumb/v7e-m+fp/hard\libm.a
START GROUP
LOAD e:/vscode-cortexdebug2/tools/gnuarm/bin/../lib/gcc/arm-none-eabi/10.3.1/thumb/v7e-m+fp/hard\libgcc.a
LOAD e:/vscode-cortexdebug2/tools/gnuarm/bin/../lib/gcc/arm-none-eabi/10.3.1/../../../../arm-none-eabi/lib/thumb/v7e-m+fp/hard\libc_nano.a
END GROUP
START GROUP
LOAD e:/vscode-cortexdebug2/tools/gnuarm/bin/../lib/gcc/arm-none-eabi/10.3.1/thumb/v7e-m+fp/hard\libgcc.a
LOAD e:/vscode-cortexdebug2/tools/gnuarm/bin/../lib/gcc/arm-none-eabi/10.3.1/../../../../arm-none-eabi/lib/thumb/v7e-m+fp/hard\libc_nano.a
END GROUP
LOAD e:/vscode-cortexdebug2/tools/gnuarm/bin/../lib/gcc/arm-none-eabi/10.3.1/thumb/v7e-m+fp/hard/crtend.o
LOAD e:/vscode-cortexdebug2/tools/gnuarm/bin/../lib/gcc/arm-none-eabi/10.3.1/thumb/v7e-m+fp/hard/crtn.o
                0x20018000                _estack = (ORIGIN (RAM) + LENGTH (RAM))
                0x00000200                _Min_Heap_Size = 0x200
                0x00000400                _Min_Stack_Size = 0x400

.isr_vector     0x08000000      0x194
                0x08000000                . = ALIGN (0x4)
 *(.isr_vector)
 .isr_vector    0x08000000      0x194 build/Core/Startup/startup_stm32f401cdux.o
                0x08000000                g_pfnVectors
                0x08000194                . = ALIGN (0x4)

.text           0x080001a0     0xa020
                0x080001a0                . = ALIGN (0x4)
 *(.text)
 .text          0x080001a0       0x40 e:/vscode-cortexdebug2/tools/gnuarm/bin/../lib/gcc/arm-none-eabi/10.3.1/thumb/v7e-m+fp/hard/crtbegin.o
 .text          0x080001e0      0x378 e:/vscode-cortexdebug2/tools/gnuarm/bin/../lib/gcc/arm-none-eabi/10.3.1/thumb/v7e-m+fp/hard\libgcc.a(_arm_addsubdf3.o)
                0x080001e0                __aeabi_drsub
                0x080001e8                __aeabi_dsub
                0x080001e8                __subdf3
                0x080001ec                __aeabi_dadd
                0x080001ec                __adddf3
                0x08000464                __floatunsidf
                0x08000464                __aeabi_ui2d
                0x08000484                __floatsidf
                0x08000484                __aeabi_i2d
                0x080004a8                __aeabi_f2d
                0x080004a8                __extendsfdf2
                0x080004ec                __floatundidf
                0x080004ec                __aeabi_ul2d
                0x080004fc                __floatdidf
                0x080004fc                __aeabi_l2d
 .text          0x08000558      0x424 e:/vscode-cortexdebug2/tools/gnuarm/bin/../lib/gcc/arm-none-eabi/10.3.1/thumb/v7e-m+fp/hard\libgcc.a(_arm_muldivdf3.o)
                0x08000558                __aeabi_dmul
                0x08000558                __muldf3
                0x080007ac                __divdf3
                0x080007ac                __aeabi_ddiv
 .text          0x0800097c       0x50 e:/vscode-cortexdebug2/tools/gnuarm/bin/../lib/gcc/arm-none-eabi/10.3.1/thumb/v7e-m+fp/hard\libgcc.a(_arm_fixdfsi.o)
                0x0800097c                __aeabi_d2iz
                0x0800097c                __fixdfsi
 .text          0x080009cc       0xa0 e:/vscode-cortexdebug2/tools/gnuarm/bin/../lib/gcc/arm-none-eabi/10.3.1/thumb/v7e-m+fp/hard\libgcc.a(_arm_truncdfsf2.o)
                0x080009cc                __truncdfsf2
                0x080009cc                __aeabi_d2f
 .text          0x08000a6c       0x30 e:/vscode-cortexdebug2/tools/gnuarm/bin/../lib/gcc/arm-none-eabi/10.3.1/thumb/v7e-m+fp/hard\libgcc.a(_aeabi_uldivmod.o)
                0x08000a6c                __aeabi_uldivmod
 .text          0x08000a9c      0x2d0 e:/vscode-cortexdebug2/tools/gnuarm/bin/../lib/gcc/arm-none-eabi/10.3.1/thumb/v7e-m+fp/hard\libgcc.a(_udivmoddi4.o)
                0x08000a9c                __udivmoddi4
 .text          0x08000d6c        0x4 e:/vscode-cortexdebug2/tools/gnuarm/bin/../lib/gcc/arm-none-eabi/10.3.1/thumb/v7e-m+fp/hard\libgcc.a(_dvmd_tls.o)
                0x08000d6c                __aeabi_idiv0
                0x08000d6c                __aeabi_ldiv0
 .text          0x08000d70       0xa0 e:/vscode-cortexdebug2/tools/gnuarm/bin/../lib/gcc/arm-none-eabi/10.3.1/../../../../arm-none-eabi/lib/thumb/v7e-m+fp/hard\libc_nano.a(lib_a-memchr.o)
                0x08000d70                memchr
 *(.text*)
 .text.getImageDataDual
                0x08000e10        0x8 build/./Core/Src/dual240.o
                0x08000e10                getImageDataDual
 .text.LL_AHB1_GRP1_EnableClock
                0x08000e18       0x1c build/./Core/Src/main.o
 .text.NVIC_EncodePriority.constprop.0
                0x08000e34        0x4 build/./Core/Src/main.o
 .text.TIM1_TE1
                0x08000e38        0x2 build/./Core/Src/main.o
                0x08000e38                TIM1_TE1
 .text.TIM1_TC2
                0x08000e3a        0x2 build/./Core/Src/main.o
                0x08000e3a                TIM1_TC2
 .text.TIM1_HT2
                0x08000e3c        0x2 build/./Core/Src/main.o
                0x08000e3c                TIM1_HT2
 .text.TIM1_TE2
                0x08000e3e        0x2 build/./Core/Src/main.o
                0x08000e3e                TIM1_TE2
 .text.init_timers
                0x08000e40      0x11c build/./Core/Src/main.o
                0x08000e40                init_timers
 .text.retarget_put_char
                0x08000f5c       0x24 build/./Core/Src/main.o
                0x08000f5c                retarget_put_char
 .text._write   0x08000f80       0x30 build/./Core/Src/main.o
                0x08000f80                _write
 .text.getNextSampleLR
                0x08000fb0       0xb8 build/./Core/Src/main.o
                0x08000fb0                getNextSampleLR
 .text.AUDIO_Init
                0x08001068       0x1c build/./Core/Src/main.o
                0x08001068                AUDIO_Init
 .text.AUDIO_OUT_Start
                0x08001084       0x58 build/./Core/Src/main.o
                0x08001084                AUDIO_OUT_Start
 .text.median3  0x080010dc       0x1c build/./Core/Src/main.o
                0x080010dc                median3
 .text.AUDIO_OUT_Periodic
                0x080010f8      0x25c build/./Core/Src/main.o
                0x080010f8                AUDIO_OUT_Periodic
 .text.applyMat
                0x08001354       0x2a build/./Core/Src/main.o
                0x08001354                applyMat
 *fill*         0x0800137e        0x2 
 .text.makeRotMat
                0x08001380       0x40 build/./Core/Src/main.o
                0x08001380                makeRotMat
 .text.cleanAudioBuffer
                0x080013c0       0x54 build/./Core/Src/main.o
                0x080013c0                cleanAudioBuffer
 .text.sigma_delta2_SCALED
                0x08001414       0x2a build/./Core/Src/main.o
                0x08001414                sigma_delta2_SCALED
 *fill*         0x0800143e        0x2 
 .text.checkTime
                0x08001440       0x70 build/./Core/Src/main.o
                0x08001440                checkTime
 .text.readDataTim
                0x080014b0       0x68 build/./Core/Src/main.o
                0x080014b0                readDataTim
 .text.TIM1_TC1
                0x08001518       0x38 build/./Core/Src/main.o
                0x08001518                TIM1_TC1
 .text.TIM1_HT1
                0x08001550       0x2c build/./Core/Src/main.o
                0x08001550                TIM1_HT1
 .text.HAL_I2S_TxCpltCallback
                0x0800157c       0x2c build/./Core/Src/main.o
                0x0800157c                HAL_I2S_TxCpltCallback
 .text.HAL_I2S_ErrorCallback
                0x080015a8       0x10 build/./Core/Src/main.o
                0x080015a8                HAL_I2S_ErrorCallback
 .text.getLCD_Data
                0x080015b8       0x1c build/./Core/Src/main.o
                0x080015b8                getLCD_Data
 .text.getPixelCenterRot
                0x080015d4       0x48 build/./Core/Src/main.o
                0x080015d4                getPixelCenterRot
 .text.getAngleAmp
                0x0800161c       0x24 build/./Core/Src/main.o
                0x0800161c                getAngleAmp
 .text.hsv2rgb  0x08001640      0x110 build/./Core/Src/main.o
                0x08001640                hsv2rgb
 .text.paintLevels
                0x08001750      0x1f4 build/./Core/Src/main.o
                0x08001750                paintLevels
 *fill*         0x08001944        0x4 
 .text.tableSetup
                0x08001948      0x100 build/./Core/Src/main.o
                0x08001948                tableSetup
 .text.tableSetup1
                0x08001a48      0x1c4 build/./Core/Src/main.o
                0x08001a48                tableSetup1
 .text.SystemClock_Config
                0x08001c0c       0xb0 build/./Core/Src/main.o
                0x08001c0c                SystemClock_Config
 *fill*         0x08001cbc        0x4 
 .text.startup.main
                0x08001cc0      0xc18 build/./Core/Src/main.o
                0x08001cc0                main
 .text.Error_Handler
                0x080028d8        0x4 build/./Core/Src/main.o
                0x080028d8                Error_Handler
 .text.setLCD   0x080028dc       0x4c build/./Core/Src/st7789.o
                0x080028dc                setLCD
 .text.spiwrite
                0x08002928       0x40 build/./Core/Src/st7789.o
                0x08002928                spiwrite
 .text.color_convertRGB_to16d
                0x08002968       0x1c build/./Core/Src/st7789.o
                0x08002968                color_convertRGB_to16d
 .text.LCD_getWidth
                0x08002984        0x4 build/./Core/Src/st7789.o
                0x08002984                LCD_getWidth
 .text.LCD_getHeight
                0x08002988        0x4 build/./Core/Src/st7789.o
                0x08002988                LCD_getHeight
 .text.writecommand
                0x0800298c       0x1c build/./Core/Src/st7789.o
                0x0800298c                writecommand
 .text.writedata
                0x080029a8       0x1c build/./Core/Src/st7789.o
                0x080029a8                writedata
 .text.displayInit
                0x080029c4       0x68 build/./Core/Src/st7789.o
                0x080029c4                displayInit
 .text.LCD_reset
                0x08002a2c       0x50 build/./Core/Src/st7789.o
                0x08002a2c                LCD_reset
 .text.setRotation
                0x08002a7c       0x60 build/./Core/Src/st7789.o
                0x08002a7c                setRotation
 .text.LCD_setRotation
                0x08002adc        0x8 build/./Core/Src/st7789.o
                0x08002adc                LCD_setRotation
 .text.LCD_init
                0x08002ae4       0x20 build/./Core/Src/st7789.o
                0x08002ae4                LCD_init
 .text.setAddrWindow
                0x08002b04      0x1dc build/./Core/Src/st7789.o
                0x08002b04                setAddrWindow
 .text.LCD_fillRectData
                0x08002ce0       0x58 build/./Core/Src/st7789.o
                0x08002ce0                LCD_fillRectData
 .text.HAL_SPI_TxCpltCallback
                0x08002d38       0x1c build/./Core/Src/st7789.o
                0x08002d38                HAL_SPI_TxCpltCallback
 .text.LCD_fillRectDataTable
                0x08002d54       0xcc build/./Core/Src/st7789.o
                0x08002d54                LCD_fillRectDataTable
 .text.LCD_fillRect
                0x08002e20       0x54 build/./Core/Src/st7789.o
                0x08002e20                LCD_fillRect
 .text.LCD_Draw_LineNX
                0x08002e74       0xe0 build/./Core/Src/st7789.o
                0x08002e74                LCD_Draw_LineNX
 .text.LCD_Draw_LinePNX
                0x08002f54       0xe4 build/./Core/Src/st7789.o
                0x08002f54                LCD_Draw_LinePNX
 .text.LCD_Draw_LinePNXShadow
                0x08003038      0x114 build/./Core/Src/st7789.o
                0x08003038                LCD_Draw_LinePNXShadow
 .text.HAL_MspInit
                0x0800314c       0x38 build/./Core/Src/stm32f4xx_hal_msp.o
                0x0800314c                HAL_MspInit
 .text.HAL_I2S_MspInit
                0x08003184       0xf8 build/./Core/Src/stm32f4xx_hal_msp.o
                0x08003184                HAL_I2S_MspInit
 .text.HAL_SPI_MspInit
                0x0800327c      0x108 build/./Core/Src/stm32f4xx_hal_msp.o
                0x0800327c                HAL_SPI_MspInit
 .text.HAL_TIM_Encoder_MspInit
                0x08003384       0x6c build/./Core/Src/stm32f4xx_hal_msp.o
                0x08003384                HAL_TIM_Encoder_MspInit
 .text.HAL_TIM_Base_MspInit
                0x080033f0       0x30 build/./Core/Src/stm32f4xx_hal_msp.o
                0x080033f0                HAL_TIM_Base_MspInit
 .text.HAL_UART_MspInit
                0x08003420       0x74 build/./Core/Src/stm32f4xx_hal_msp.o
                0x08003420                HAL_UART_MspInit
 .text.NMI_Handler
                0x08003494        0x2 build/./Core/Src/stm32f4xx_it.o
                0x08003494                NMI_Handler
 .text.HardFault_Handler
                0x08003496        0x2 build/./Core/Src/stm32f4xx_it.o
                0x08003496                HardFault_Handler
 .text.MemManage_Handler
                0x08003498        0x2 build/./Core/Src/stm32f4xx_it.o
                0x08003498                MemManage_Handler
 .text.BusFault_Handler
                0x0800349a        0x2 build/./Core/Src/stm32f4xx_it.o
                0x0800349a                BusFault_Handler
 .text.UsageFault_Handler
                0x0800349c        0x2 build/./Core/Src/stm32f4xx_it.o
                0x0800349c                UsageFault_Handler
 .text.SVC_Handler
                0x0800349e        0x2 build/./Core/Src/stm32f4xx_it.o
                0x0800349e                SVC_Handler
 .text.DebugMon_Handler
                0x080034a0        0x2 build/./Core/Src/stm32f4xx_it.o
                0x080034a0                DebugMon_Handler
 .text.PendSV_Handler
                0x080034a2        0x2 build/./Core/Src/stm32f4xx_it.o
                0x080034a2                PendSV_Handler
 .text.SysTick_Handler
                0x080034a4        0x8 build/./Core/Src/stm32f4xx_it.o
                0x080034a4                SysTick_Handler
 .text.DMA1_Stream4_IRQHandler
                0x080034ac       0x10 build/./Core/Src/stm32f4xx_it.o
                0x080034ac                DMA1_Stream4_IRQHandler
 .text.DMA1_Stream5_IRQHandler
                0x080034bc       0x10 build/./Core/Src/stm32f4xx_it.o
                0x080034bc                DMA1_Stream5_IRQHandler
 .text.DMA2_Stream1_IRQHandler
                0x080034cc       0x4c build/./Core/Src/stm32f4xx_it.o
                0x080034cc                DMA2_Stream1_IRQHandler
 .text.DMA2_Stream2_IRQHandler
                0x08003518       0x4c build/./Core/Src/stm32f4xx_it.o
                0x08003518                DMA2_Stream2_IRQHandler
 .text.OTG_FS_IRQHandler
                0x08003564       0x10 build/./Core/Src/stm32f4xx_it.o
                0x08003564                OTG_FS_IRQHandler
 .text._read    0x08003574       0x20 build/./Core/Src/syscalls.o
                0x08003574                _read
 .text._close   0x08003594        0x6 build/./Core/Src/syscalls.o
                0x08003594                _close
 .text._fstat   0x0800359a        0xa build/./Core/Src/syscalls.o
                0x0800359a                _fstat
 .text._isatty  0x080035a4        0x4 build/./Core/Src/syscalls.o
                0x080035a4                _isatty
 .text._lseek   0x080035a8        0x4 build/./Core/Src/syscalls.o
                0x080035a8                _lseek
 .text._sbrk    0x080035ac       0x44 build/./Core/Src/sysmem.o
                0x080035ac                _sbrk
 .text.SystemInit
                0x080035f0       0x14 build/./Core/Src/system_stm32f4xx.o
                0x080035f0                SystemInit
 .text.getImageData
                0x08003604        0x8 build/./Core/Src/uvmete240.o
                0x08003604                getImageData
 .text.HAL_InitTick
                0x0800360c       0x50 build/./Drivers/STM32F4xx_HAL_Driver/Src/stm32f4xx_hal.o
                0x0800360c                HAL_InitTick
 .text.HAL_Init
                0x0800365c       0x40 build/./Drivers/STM32F4xx_HAL_Driver/Src/stm32f4xx_hal.o
                0x0800365c                HAL_Init
 .text.HAL_IncTick
                0x0800369c       0x18 build/./Drivers/STM32F4xx_HAL_Driver/Src/stm32f4xx_hal.o
                0x0800369c                HAL_IncTick
 .text.HAL_GetTick
                0x080036b4        0xc build/./Drivers/STM32F4xx_HAL_Driver/Src/stm32f4xx_hal.o
                0x080036b4                HAL_GetTick
 .text.HAL_Delay
                0x080036c0       0x28 build/./Drivers/STM32F4xx_HAL_Driver/Src/stm32f4xx_hal.o
                0x080036c0                HAL_Delay
 .text.HAL_NVIC_SetPriorityGrouping
                0x080036e8       0x24 build/./Drivers/STM32F4xx_HAL_Driver/Src/stm32f4xx_hal_cortex.o
                0x080036e8                HAL_NVIC_SetPriorityGrouping
 .text.HAL_NVIC_SetPriority
                0x0800370c       0x64 build/./Drivers/STM32F4xx_HAL_Driver/Src/stm32f4xx_hal_cortex.o
                0x0800370c                HAL_NVIC_SetPriority
 .text.HAL_NVIC_EnableIRQ
                0x08003770       0x1c build/./Drivers/STM32F4xx_HAL_Driver/Src/stm32f4xx_hal_cortex.o
                0x08003770                HAL_NVIC_EnableIRQ
 .text.HAL_SYSTICK_Config
                0x0800378c       0x28 build/./Drivers/STM32F4xx_HAL_Driver/Src/stm32f4xx_hal_cortex.o
                0x0800378c                HAL_SYSTICK_Config
 .text.DMA_CalcBaseAndBitshift
                0x080037b4       0x2c build/./Drivers/STM32F4xx_HAL_Driver/Src/stm32f4xx_hal_dma.o
 .text.HAL_DMA_Init
                0x080037e0      0x104 build/./Drivers/STM32F4xx_HAL_Driver/Src/stm32f4xx_hal_dma.o
                0x080037e0                HAL_DMA_Init
 .text.HAL_DMA_Start_IT
                0x080038e4       0x74 build/./Drivers/STM32F4xx_HAL_Driver/Src/stm32f4xx_hal_dma.o
                0x080038e4                HAL_DMA_Start_IT
 .text.HAL_DMA_IRQHandler
                0x08003958      0x17c build/./Drivers/STM32F4xx_HAL_Driver/Src/stm32f4xx_hal_dma.o
                0x08003958                HAL_DMA_IRQHandler
 .text.HAL_GPIO_Init
                0x08003ad4      0x190 build/./Drivers/STM32F4xx_HAL_Driver/Src/stm32f4xx_hal_gpio.o
                0x08003ad4                HAL_GPIO_Init
 .text.HAL_GPIO_ReadPin
                0x08003c64        0xc build/./Drivers/STM32F4xx_HAL_Driver/Src/stm32f4xx_hal_gpio.o
                0x08003c64                HAL_GPIO_ReadPin
 .text.HAL_GPIO_WritePin
                0x08003c70        0xa build/./Drivers/STM32F4xx_HAL_Driver/Src/stm32f4xx_hal_gpio.o
                0x08003c70                HAL_GPIO_WritePin
 *fill*         0x08003c7a        0x2 
 .text.HAL_I2S_Init
                0x08003c7c      0x13c build/./Drivers/STM32F4xx_HAL_Driver/Src/stm32f4xx_hal_i2s.o
                0x08003c7c                HAL_I2S_Init
 .text.HAL_I2S_RxCpltCallback
                0x08003db8        0x2 build/./Drivers/STM32F4xx_HAL_Driver/Src/stm32f4xx_hal_i2s.o
                0x08003db8                HAL_I2S_RxCpltCallback
 *fill*         0x08003dba        0x2 
 .text.I2S_IRQHandler
                0x08003dbc      0x108 build/./Drivers/STM32F4xx_HAL_Driver/Src/stm32f4xx_hal_i2s.o
 .text.HAL_I2SEx_TxRxCpltCallback
                0x08003ec4        0x2 build/./Drivers/STM32F4xx_HAL_Driver/Src/stm32f4xx_hal_i2s_ex.o
                0x08003ec4                HAL_I2SEx_TxRxCpltCallback
 *fill*         0x08003ec6        0x2 
 .text.HAL_I2SEx_FullDuplex_IRQHandler
                0x08003ec8      0x250 build/./Drivers/STM32F4xx_HAL_Driver/Src/stm32f4xx_hal_i2s_ex.o
                0x08003ec8                HAL_I2SEx_FullDuplex_IRQHandler
 .text.HAL_PCD_Init
                0x08004118      0x124 build/./Drivers/STM32F4xx_HAL_Driver/Src/stm32f4xx_hal_pcd.o
                0x08004118                HAL_PCD_Init
 .text.HAL_PCD_Start
                0x0800423c       0x48 build/./Drivers/STM32F4xx_HAL_Driver/Src/stm32f4xx_hal_pcd.o
                0x0800423c                HAL_PCD_Start
 .text.HAL_PCD_IRQHandler
                0x08004284      0x5b8 build/./Drivers/STM32F4xx_HAL_Driver/Src/stm32f4xx_hal_pcd.o
                0x08004284                HAL_PCD_IRQHandler
 .text.HAL_PCD_SetAddress
                0x0800483c       0x2c build/./Drivers/STM32F4xx_HAL_Driver/Src/stm32f4xx_hal_pcd.o
                0x0800483c                HAL_PCD_SetAddress
 .text.HAL_PCD_EP_Open
                0x08004868       0x74 build/./Drivers/STM32F4xx_HAL_Driver/Src/stm32f4xx_hal_pcd.o
                0x08004868                HAL_PCD_EP_Open
 .text.HAL_PCD_EP_Close
                0x080048dc       0x64 build/./Drivers/STM32F4xx_HAL_Driver/Src/stm32f4xx_hal_pcd.o
                0x080048dc                HAL_PCD_EP_Close
 .text.HAL_PCD_EP_Receive
                0x08004940       0x50 build/./Drivers/STM32F4xx_HAL_Driver/Src/stm32f4xx_hal_pcd.o
                0x08004940                HAL_PCD_EP_Receive
 .text.HAL_PCD_EP_GetRxCount
                0x08004990       0x10 build/./Drivers/STM32F4xx_HAL_Driver/Src/stm32f4xx_hal_pcd.o
                0x08004990                HAL_PCD_EP_GetRxCount
 .text.HAL_PCD_EP_Transmit
                0x080049a0       0x48 build/./Drivers/STM32F4xx_HAL_Driver/Src/stm32f4xx_hal_pcd.o
                0x080049a0                HAL_PCD_EP_Transmit
 .text.HAL_PCD_EP_SetStall
                0x080049e8       0x78 build/./Drivers/STM32F4xx_HAL_Driver/Src/stm32f4xx_hal_pcd.o
                0x080049e8                HAL_PCD_EP_SetStall
 .text.HAL_PCD_EP_ClrStall
                0x08004a60       0x70 build/./Drivers/STM32F4xx_HAL_Driver/Src/stm32f4xx_hal_pcd.o
                0x08004a60                HAL_PCD_EP_ClrStall
 .text.HAL_PCDEx_SetTxFiFo
                0x08004ad0       0x40 build/./Drivers/STM32F4xx_HAL_Driver/Src/stm32f4xx_hal_pcd_ex.o
                0x08004ad0                HAL_PCDEx_SetTxFiFo
 .text.HAL_PCDEx_SetRxFiFo
                0x08004b10        0x8 build/./Drivers/STM32F4xx_HAL_Driver/Src/stm32f4xx_hal_pcd_ex.o
                0x08004b10                HAL_PCDEx_SetRxFiFo
 .text.HAL_PCDEx_LPM_Callback
                0x08004b18        0x2 build/./Drivers/STM32F4xx_HAL_Driver/Src/stm32f4xx_hal_pcd_ex.o
                0x08004b18                HAL_PCDEx_LPM_Callback
 *fill*         0x08004b1a        0x2 
 .text.HAL_RCC_OscConfig
                0x08004b1c      0x348 build/./Drivers/STM32F4xx_HAL_Driver/Src/stm32f4xx_hal_rcc.o
                0x08004b1c                HAL_RCC_OscConfig
 .text.HAL_RCC_GetSysClockFreq
                0x08004e64       0x60 build/./Drivers/STM32F4xx_HAL_Driver/Src/stm32f4xx_hal_rcc.o
                0x08004e64                HAL_RCC_GetSysClockFreq
 .text.HAL_RCC_ClockConfig
                0x08004ec4      0x144 build/./Drivers/STM32F4xx_HAL_Driver/Src/stm32f4xx_hal_rcc.o
                0x08004ec4                HAL_RCC_ClockConfig
 .text.HAL_RCC_GetHCLKFreq
                0x08005008        0xc build/./Drivers/STM32F4xx_HAL_Driver/Src/stm32f4xx_hal_rcc.o
                0x08005008                HAL_RCC_GetHCLKFreq
 .text.HAL_RCC_GetPCLK1Freq
                0x08005014       0x20 build/./Drivers/STM32F4xx_HAL_Driver/Src/stm32f4xx_hal_rcc.o
                0x08005014                HAL_RCC_GetPCLK1Freq
 .text.HAL_RCC_GetPCLK2Freq
                0x08005034       0x20 build/./Drivers/STM32F4xx_HAL_Driver/Src/stm32f4xx_hal_rcc.o
                0x08005034                HAL_RCC_GetPCLK2Freq
 .text.HAL_RCCEx_PeriphCLKConfig
                0x08005054      0x13c build/./Drivers/STM32F4xx_HAL_Driver/Src/stm32f4xx_hal_rcc_ex.o
                0x08005054                HAL_RCCEx_PeriphCLKConfig
 .text.HAL_RCCEx_GetPeriphCLKFreq
                0x08005190       0x4c build/./Drivers/STM32F4xx_HAL_Driver/Src/stm32f4xx_hal_rcc_ex.o
                0x08005190                HAL_RCCEx_GetPeriphCLKFreq
 .text.SPI_WaitFlagStateUntilTimeout.constprop.0
                0x080051dc       0xac build/./Drivers/STM32F4xx_HAL_Driver/Src/stm32f4xx_hal_spi.o
 .text.SPI_EndRxTxTransaction
                0x08005288       0x5c build/./Drivers/STM32F4xx_HAL_Driver/Src/stm32f4xx_hal_spi.o
 .text.HAL_SPI_Init
                0x080052e4       0xbc build/./Drivers/STM32F4xx_HAL_Driver/Src/stm32f4xx_hal_spi.o
                0x080052e4                HAL_SPI_Init
 .text.HAL_SPI_TransmitReceive
                0x080053a0      0x1ec build/./Drivers/STM32F4xx_HAL_Driver/Src/stm32f4xx_hal_spi.o
                0x080053a0                HAL_SPI_TransmitReceive
 .text.HAL_SPI_Transmit_DMA
                0x0800558c       0xcc build/./Drivers/STM32F4xx_HAL_Driver/Src/stm32f4xx_hal_spi.o
                0x0800558c                HAL_SPI_Transmit_DMA
 .text.HAL_SPI_TxHalfCpltCallback
                0x08005658        0x2 build/./Drivers/STM32F4xx_HAL_Driver/Src/stm32f4xx_hal_spi.o
                0x08005658                HAL_SPI_TxHalfCpltCallback
 *fill*         0x0800565a        0x2 
 .text.SPI_DMAHalfTransmitCplt
                0x0800565c       0x10 build/./Drivers/STM32F4xx_HAL_Driver/Src/stm32f4xx_hal_spi.o
 .text.HAL_SPI_ErrorCallback
                0x0800566c        0x2 build/./Drivers/STM32F4xx_HAL_Driver/Src/stm32f4xx_hal_spi.o
                0x0800566c                HAL_SPI_ErrorCallback
 *fill*         0x0800566e        0x2 
 .text.SPI_DMAError
                0x08005670       0x28 build/./Drivers/STM32F4xx_HAL_Driver/Src/stm32f4xx_hal_spi.o
 .text.SPI_DMATransmitCplt
                0x08005698       0x78 build/./Drivers/STM32F4xx_HAL_Driver/Src/stm32f4xx_hal_spi.o
 .text.HAL_TIM_Base_Start
                0x08005710       0x5c build/./Drivers/STM32F4xx_HAL_Driver/Src/stm32f4xx_hal_tim.o
                0x08005710                HAL_TIM_Base_Start
 .text.HAL_TIM_Encoder_Start
                0x0800576c       0xb6 build/./Drivers/STM32F4xx_HAL_Driver/Src/stm32f4xx_hal_tim.o
                0x0800576c                HAL_TIM_Encoder_Start
 *fill*         0x08005822        0x2 
 .text.TIM_Base_SetConfig
                0x08005824       0x9c build/./Drivers/STM32F4xx_HAL_Driver/Src/stm32f4xx_hal_tim.o
                0x08005824                TIM_Base_SetConfig
 .text.HAL_TIM_Base_Init
                0x080058c0       0x60 build/./Drivers/STM32F4xx_HAL_Driver/Src/stm32f4xx_hal_tim.o
                0x080058c0                HAL_TIM_Base_Init
 .text.HAL_TIM_Encoder_Init
                0x08005920       0xb4 build/./Drivers/STM32F4xx_HAL_Driver/Src/stm32f4xx_hal_tim.o
                0x08005920                HAL_TIM_Encoder_Init
 .text.TIM_ETR_SetConfig
                0x080059d4       0x14 build/./Drivers/STM32F4xx_HAL_Driver/Src/stm32f4xx_hal_tim.o
                0x080059d4                TIM_ETR_SetConfig
 .text.HAL_TIM_ConfigClockSource
                0x080059e8      0x13c build/./Drivers/STM32F4xx_HAL_Driver/Src/stm32f4xx_hal_tim.o
                0x080059e8                HAL_TIM_ConfigClockSource
 .text.HAL_TIMEx_MasterConfigSynchronization
                0x08005b24       0x6c build/./Drivers/STM32F4xx_HAL_Driver/Src/stm32f4xx_hal_tim_ex.o
                0x08005b24                HAL_TIMEx_MasterConfigSynchronization
 .text.UART_SetConfig
                0x08005b90       0xc4 build/./Drivers/STM32F4xx_HAL_Driver/Src/stm32f4xx_hal_uart.o
 .text.UART_WaitOnFlagUntilTimeout.constprop.0
                0x08005c54       0x78 build/./Drivers/STM32F4xx_HAL_Driver/Src/stm32f4xx_hal_uart.o
 .text.HAL_UART_Init
                0x08005ccc       0x64 build/./Drivers/STM32F4xx_HAL_Driver/Src/stm32f4xx_hal_uart.o
                0x08005ccc                HAL_UART_Init
 .text.HAL_UART_Transmit
                0x08005d30       0xb0 build/./Drivers/STM32F4xx_HAL_Driver/Src/stm32f4xx_hal_uart.o
                0x08005d30                HAL_UART_Transmit
 .text.LL_GPIO_Init
                0x08005de0      0x13c build/./Drivers/STM32F4xx_HAL_Driver/Src/stm32f4xx_ll_gpio.o
                0x08005de0                LL_GPIO_Init
 .text.LL_TIM_Init
                0x08005f1c       0x98 build/./Drivers/STM32F4xx_HAL_Driver/Src/stm32f4xx_ll_tim.o
                0x08005f1c                LL_TIM_Init
 .text.LL_TIM_OC_Init
                0x08005fb4      0x190 build/./Drivers/STM32F4xx_HAL_Driver/Src/stm32f4xx_ll_tim.o
                0x08005fb4                LL_TIM_OC_Init
 .text.LL_TIM_BDTR_Init
                0x08006144       0x34 build/./Drivers/STM32F4xx_HAL_Driver/Src/stm32f4xx_ll_tim.o
                0x08006144                LL_TIM_BDTR_Init
 .text.USB_CoreReset
                0x08006178       0x48 build/./Drivers/STM32F4xx_HAL_Driver/Src/stm32f4xx_ll_usb.o
 .text.USB_CoreInit
                0x080061c0       0x84 build/./Drivers/STM32F4xx_HAL_Driver/Src/stm32f4xx_ll_usb.o
                0x080061c0                USB_CoreInit
 .text.USB_SetTurnaroundTime
                0x08006244       0xe0 build/./Drivers/STM32F4xx_HAL_Driver/Src/stm32f4xx_ll_usb.o
                0x08006244                USB_SetTurnaroundTime
 .text.USB_EnableGlobalInt
                0x08006324        0xc build/./Drivers/STM32F4xx_HAL_Driver/Src/stm32f4xx_ll_usb.o
                0x08006324                USB_EnableGlobalInt
 .text.USB_DisableGlobalInt
                0x08006330        0xc build/./Drivers/STM32F4xx_HAL_Driver/Src/stm32f4xx_ll_usb.o
                0x08006330                USB_DisableGlobalInt
 .text.USB_SetCurrentMode
                0x0800633c       0x64 build/./Drivers/STM32F4xx_HAL_Driver/Src/stm32f4xx_ll_usb.o
                0x0800633c                USB_SetCurrentMode
 .text.USB_FlushTxFifo
                0x080063a0       0x30 build/./Drivers/STM32F4xx_HAL_Driver/Src/stm32f4xx_ll_usb.o
                0x080063a0                USB_FlushTxFifo
 .text.USB_FlushRxFifo
                0x080063d0       0x2c build/./Drivers/STM32F4xx_HAL_Driver/Src/stm32f4xx_ll_usb.o
                0x080063d0                USB_FlushRxFifo
 .text.USB_SetDevSpeed
                0x080063fc        0xe build/./Drivers/STM32F4xx_HAL_Driver/Src/stm32f4xx_ll_usb.o
                0x080063fc                USB_SetDevSpeed
 *fill*         0x0800640a        0x2 
 .text.USB_DevInit
                0x0800640c      0x17c build/./Drivers/STM32F4xx_HAL_Driver/Src/stm32f4xx_ll_usb.o
                0x0800640c                USB_DevInit
 .text.USB_GetDevSpeed
                0x08006588       0x16 build/./Drivers/STM32F4xx_HAL_Driver/Src/stm32f4xx_ll_usb.o
                0x08006588                USB_GetDevSpeed
 .text.USB_ActivateEndpoint
                0x0800659e       0x7c build/./Drivers/STM32F4xx_HAL_Driver/Src/stm32f4xx_ll_usb.o
                0x0800659e                USB_ActivateEndpoint
 *fill*         0x0800661a        0x2 
 .text.USB_DeactivateEndpoint
                0x0800661c       0xac build/./Drivers/STM32F4xx_HAL_Driver/Src/stm32f4xx_ll_usb.o
                0x0800661c                USB_DeactivateEndpoint
 .text.USB_EP0StartXfer
                0x080066c8       0xf4 build/./Drivers/STM32F4xx_HAL_Driver/Src/stm32f4xx_ll_usb.o
                0x080066c8                USB_EP0StartXfer
 .text.USB_WritePacket
                0x080067bc       0x26 build/./Drivers/STM32F4xx_HAL_Driver/Src/stm32f4xx_ll_usb.o
                0x080067bc                USB_WritePacket
 *fill*         0x080067e2        0x2 
 .text.USB_EPStartXfer
                0x080067e4      0x1e0 build/./Drivers/STM32F4xx_HAL_Driver/Src/stm32f4xx_ll_usb.o
                0x080067e4                USB_EPStartXfer
 .text.USB_ReadPacket
                0x080069c4       0x40 build/./Drivers/STM32F4xx_HAL_Driver/Src/stm32f4xx_ll_usb.o
                0x080069c4                USB_ReadPacket
 .text.USB_EPSetStall
                0x08006a04       0x56 build/./Drivers/STM32F4xx_HAL_Driver/Src/stm32f4xx_ll_usb.o
                0x08006a04                USB_EPSetStall
 .text.USB_EPClearStall
                0x08006a5a       0x52 build/./Drivers/STM32F4xx_HAL_Driver/Src/stm32f4xx_ll_usb.o
                0x08006a5a                USB_EPClearStall
 .text.USB_SetDevAddress
                0x08006aac       0x20 build/./Drivers/STM32F4xx_HAL_Driver/Src/stm32f4xx_ll_usb.o
                0x08006aac                USB_SetDevAddress
 .text.USB_DevConnect
                0x08006acc       0x1c build/./Drivers/STM32F4xx_HAL_Driver/Src/stm32f4xx_ll_usb.o
                0x08006acc                USB_DevConnect
 .text.USB_DevDisconnect
                0x08006ae8       0x1c build/./Drivers/STM32F4xx_HAL_Driver/Src/stm32f4xx_ll_usb.o
                0x08006ae8                USB_DevDisconnect
 .text.USB_ReadInterrupts
                0x08006b04        0x8 build/./Drivers/STM32F4xx_HAL_Driver/Src/stm32f4xx_ll_usb.o
                0x08006b04                USB_ReadInterrupts
 .text.USB_ReadDevAllOutEpInterrupt
                0x08006b0c       0x10 build/./Drivers/STM32F4xx_HAL_Driver/Src/stm32f4xx_ll_usb.o
                0x08006b0c                USB_ReadDevAllOutEpInterrupt
 .text.USB_ReadDevAllInEpInterrupt
                0x08006b1c       0x10 build/./Drivers/STM32F4xx_HAL_Driver/Src/stm32f4xx_ll_usb.o
                0x08006b1c                USB_ReadDevAllInEpInterrupt
 .text.USB_ReadDevOutEPInterrupt
                0x08006b2c       0x12 build/./Drivers/STM32F4xx_HAL_Driver/Src/stm32f4xx_ll_usb.o
                0x08006b2c                USB_ReadDevOutEPInterrupt
 .text.USB_ReadDevInEPInterrupt
                0x08006b3e       0x24 build/./Drivers/STM32F4xx_HAL_Driver/Src/stm32f4xx_ll_usb.o
                0x08006b3e                USB_ReadDevInEPInterrupt
 .text.USB_GetMode
                0x08006b62        0x8 build/./Drivers/STM32F4xx_HAL_Driver/Src/stm32f4xx_ll_usb.o
                0x08006b62                USB_GetMode
 .text.USB_ActivateSetup
                0x08006b6a       0x20 build/./Drivers/STM32F4xx_HAL_Driver/Src/stm32f4xx_ll_usb.o
                0x08006b6a                USB_ActivateSetup
 *fill*         0x08006b8a        0x2 
 .text.USB_EP0_OutStart
                0x08006b8c       0x4c build/./Drivers/STM32F4xx_HAL_Driver/Src/stm32f4xx_ll_usb.o
                0x08006b8c                USB_EP0_OutStart
 .text.USBD_Init
                0x08006bd8       0x2c build/./Middlewares/ST/STM32_USB_Device_Library/Core/Src/usbd_core.o
                0x08006bd8                USBD_Init
 .text.USBD_RegisterClass
                0x08006c04       0x2c build/./Middlewares/ST/STM32_USB_Device_Library/Core/Src/usbd_core.o
                0x08006c04                USBD_RegisterClass
 .text.USBD_Start
                0x08006c30        0x8 build/./Middlewares/ST/STM32_USB_Device_Library/Core/Src/usbd_core.o
                0x08006c30                USBD_Start
 .text.USBD_SetClassConfig
                0x08006c38        0xe build/./Middlewares/ST/STM32_USB_Device_Library/Core/Src/usbd_core.o
                0x08006c38                USBD_SetClassConfig
 .text.USBD_ClrClassConfig
                0x08006c46       0x10 build/./Middlewares/ST/STM32_USB_Device_Library/Core/Src/usbd_core.o
                0x08006c46                USBD_ClrClassConfig
 *fill*         0x08006c56        0x2 
 .text.USBD_LL_SetupStage
                0x08006c58       0x6c build/./Middlewares/ST/STM32_USB_Device_Library/Core/Src/usbd_core.o
                0x08006c58                USBD_LL_SetupStage
 .text.USBD_LL_DataOutStage
                0x08006cc4       0x68 build/./Middlewares/ST/STM32_USB_Device_Library/Core/Src/usbd_core.o
                0x08006cc4                USBD_LL_DataOutStage
 .text.USBD_LL_DataInStage
                0x08006d2c       0xb4 build/./Middlewares/ST/STM32_USB_Device_Library/Core/Src/usbd_core.o
                0x08006d2c                USBD_LL_DataInStage
 .text.USBD_LL_Reset
                0x08006de0       0x5c build/./Middlewares/ST/STM32_USB_Device_Library/Core/Src/usbd_core.o
                0x08006de0                USBD_LL_Reset
 .text.USBD_LL_SetSpeed
                0x08006e3c        0x6 build/./Middlewares/ST/STM32_USB_Device_Library/Core/Src/usbd_core.o
                0x08006e3c                USBD_LL_SetSpeed
 .text.USBD_LL_Suspend
                0x08006e42       0x14 build/./Middlewares/ST/STM32_USB_Device_Library/Core/Src/usbd_core.o
                0x08006e42                USBD_LL_Suspend
 .text.USBD_LL_Resume
                0x08006e56       0x16 build/./Middlewares/ST/STM32_USB_Device_Library/Core/Src/usbd_core.o
                0x08006e56                USBD_LL_Resume
 .text.USBD_LL_SOF
                0x08006e6c       0x22 build/./Middlewares/ST/STM32_USB_Device_Library/Core/Src/usbd_core.o
                0x08006e6c                USBD_LL_SOF
 .text.USBD_LL_IsoINIncomplete
                0x08006e8e       0x22 build/./Middlewares/ST/STM32_USB_Device_Library/Core/Src/usbd_core.o
                0x08006e8e                USBD_LL_IsoINIncomplete
 .text.USBD_LL_IsoOUTIncomplete
                0x08006eb0       0x22 build/./Middlewares/ST/STM32_USB_Device_Library/Core/Src/usbd_core.o
                0x08006eb0                USBD_LL_IsoOUTIncomplete
 .text.USBD_LL_DevConnected
                0x08006ed2        0x4 build/./Middlewares/ST/STM32_USB_Device_Library/Core/Src/usbd_core.o
                0x08006ed2                USBD_LL_DevConnected
 .text.USBD_LL_DevDisconnected
                0x08006ed6       0x18 build/./Middlewares/ST/STM32_USB_Device_Library/Core/Src/usbd_core.o
                0x08006ed6                USBD_LL_DevDisconnected
 *fill*         0x08006eee        0x2 
 .text.USBD_CtlError.constprop.0
                0x08006ef0       0x1c build/./Middlewares/ST/STM32_USB_Device_Library/Core/Src/usbd_ctlreq.o
 .text.USBD_StdDevReq
                0x08006f0c      0x2a0 build/./Middlewares/ST/STM32_USB_Device_Library/Core/Src/usbd_ctlreq.o
                0x08006f0c                USBD_StdDevReq
 .text.USBD_StdItfReq
                0x080071ac       0x54 build/./Middlewares/ST/STM32_USB_Device_Library/Core/Src/usbd_ctlreq.o
                0x080071ac                USBD_StdItfReq
 .text.USBD_StdEPReq
                0x08007200      0x138 build/./Middlewares/ST/STM32_USB_Device_Library/Core/Src/usbd_ctlreq.o
                0x08007200                USBD_StdEPReq
 .text.USBD_ParseSetupRequest
                0x08007338       0x16 build/./Middlewares/ST/STM32_USB_Device_Library/Core/Src/usbd_ctlreq.o
                0x08007338                USBD_ParseSetupRequest
 *fill*         0x0800734e        0x2 
 .text.USBD_CtlError
                0x08007350       0x1c build/./Middlewares/ST/STM32_USB_Device_Library/Core/Src/usbd_ctlreq.o
                0x08007350                USBD_CtlError
 .text.USBD_GetString
                0x0800736c       0x38 build/./Middlewares/ST/STM32_USB_Device_Library/Core/Src/usbd_ctlreq.o
                0x0800736c                USBD_GetString
 .text.USBD_CtlSendData
                0x080073a4       0x20 build/./Middlewares/ST/STM32_USB_Device_Library/Core/Src/usbd_ioreq.o
                0x080073a4                USBD_CtlSendData
 .text.USBD_CtlContinueSendData
                0x080073c4       0x14 build/./Middlewares/ST/STM32_USB_Device_Library/Core/Src/usbd_ioreq.o
                0x080073c4                USBD_CtlContinueSendData
 .text.USBD_CtlPrepareRx
                0x080073d8       0x20 build/./Middlewares/ST/STM32_USB_Device_Library/Core/Src/usbd_ioreq.o
                0x080073d8                USBD_CtlPrepareRx
 .text.USBD_CtlContinueRx
                0x080073f8       0x14 build/./Middlewares/ST/STM32_USB_Device_Library/Core/Src/usbd_ioreq.o
                0x080073f8                USBD_CtlContinueRx
 .text.USBD_CtlSendStatus
                0x0800740c       0x1c build/./Middlewares/ST/STM32_USB_Device_Library/Core/Src/usbd_ioreq.o
                0x0800740c                USBD_CtlSendStatus
 .text.USBD_CtlReceiveStatus
                0x08007428       0x1c build/./Middlewares/ST/STM32_USB_Device_Library/Core/Src/usbd_ioreq.o
                0x08007428                USBD_CtlReceiveStatus
 .text.USBD_AUDIO_GetCfgDesc
                0x08007444        0xc build/./Middlewares/ST/STM32_USB_Device_Library/Class/AUDIO/Src/usbd_audio.o
 .text.USBD_AUDIO_DataIn
                0x08007450        0x4 build/./Middlewares/ST/STM32_USB_Device_Library/Class/AUDIO/Src/usbd_audio.o
 .text.USBD_AUDIO_EP0_RxReady
                0x08007454       0x3c build/./Middlewares/ST/STM32_USB_Device_Library/Class/AUDIO/Src/usbd_audio.o
 .text.USBD_AUDIO_EP0_TxReady
                0x08007490        0x4 build/./Middlewares/ST/STM32_USB_Device_Library/Class/AUDIO/Src/usbd_audio.o
 .text.USBD_AUDIO_GetDeviceQualifierDesc
                0x08007494        0xc build/./Middlewares/ST/STM32_USB_Device_Library/Class/AUDIO/Src/usbd_audio.o
 .text.USBD_AUDIO_DataOut
                0x080074a0       0x9c build/./Middlewares/ST/STM32_USB_Device_Library/Class/AUDIO/Src/usbd_audio.o
 .text.USBD_AUDIO_Setup
                0x0800753c      0x124 build/./Middlewares/ST/STM32_USB_Device_Library/Class/AUDIO/Src/usbd_audio.o
 .text.USBD_AUDIO_DeInit
                0x08007660       0x38 build/./Middlewares/ST/STM32_USB_Device_Library/Class/AUDIO/Src/usbd_audio.o
 .text.USBD_AUDIO_Init
                0x08007698       0x78 build/./Middlewares/ST/STM32_USB_Device_Library/Class/AUDIO/Src/usbd_audio.o
 .text.USBD_AUDIO_IsoINIncomplete
                0x08007710        0x4 build/./Middlewares/ST/STM32_USB_Device_Library/Class/AUDIO/Src/usbd_audio.o
 .text.USBD_AUDIO_IsoOutIncomplete
                0x08007714        0x4 build/./Middlewares/ST/STM32_USB_Device_Library/Class/AUDIO/Src/usbd_audio.o
 .text.USBD_AUDIO_SOF
                0x08007718        0x4 build/./Middlewares/ST/STM32_USB_Device_Library/Class/AUDIO/Src/usbd_audio.o
 .text.USBD_AUDIO_RegisterInterface
                0x0800771c        0xe build/./Middlewares/ST/STM32_USB_Device_Library/Class/AUDIO/Src/usbd_audio.o
                0x0800771c                USBD_AUDIO_RegisterInterface
 *fill*         0x0800772a        0x2 
 .text.MX_USB_DEVICE_Init
                0x0800772c       0x64 build/./USB_DEVICE/App/usb_device.o
                0x0800772c                MX_USB_DEVICE_Init
 .text.AUDIO_DeInit_FS
                0x08007790        0x4 build/./USB_DEVICE/App/usbd_audio_if.o
 .text.AUDIO_VolumeCtl_FS
                0x08007794        0x4 build/./USB_DEVICE/App/usbd_audio_if.o
 .text.AUDIO_GetState_FS
                0x08007798        0x4 build/./USB_DEVICE/App/usbd_audio_if.o
 .text.AUDIO_PeriodicTC_FS
                0x0800779c       0x10 build/./USB_DEVICE/App/usbd_audio_if.o
 .text.AUDIO_AudioCmd_FS
                0x080077ac       0x14 build/./USB_DEVICE/App/usbd_audio_if.o
 .text.AUDIO_Init_FS
                0x080077c0       0x10 build/./USB_DEVICE/App/usbd_audio_if.o
 .text.AUDIO_MuteCtl_FS
                0x080077d0        0x4 build/./USB_DEVICE/App/usbd_audio_if.o
 .text.USBD_FS_DeviceDescriptor
                0x080077d4        0xc build/./USB_DEVICE/App/usbd_desc.o
                0x080077d4                USBD_FS_DeviceDescriptor
 .text.USBD_FS_LangIDStrDescriptor
                0x080077e0        0xc build/./USB_DEVICE/App/usbd_desc.o
                0x080077e0                USBD_FS_LangIDStrDescriptor
 .text.IntToUnicode
                0x080077ec       0x2a build/./USB_DEVICE/App/usbd_desc.o
 *fill*         0x08007816        0x2 
 .text.USBD_FS_SerialStrDescriptor
                0x08007818       0x3c build/./USB_DEVICE/App/usbd_desc.o
                0x08007818                USBD_FS_SerialStrDescriptor
 .text.USBD_FS_ManufacturerStrDescriptor
                0x08007854       0x20 build/./USB_DEVICE/App/usbd_desc.o
                0x08007854                USBD_FS_ManufacturerStrDescriptor
 .text.USBD_FS_ProductStrDescriptor
                0x08007874       0x20 build/./USB_DEVICE/App/usbd_desc.o
                0x08007874                USBD_FS_ProductStrDescriptor
 .text.USBD_FS_ConfigStrDescriptor
                0x08007894       0x20 build/./USB_DEVICE/App/usbd_desc.o
                0x08007894                USBD_FS_ConfigStrDescriptor
 .text.USBD_FS_InterfaceStrDescriptor
                0x080078b4       0x20 build/./USB_DEVICE/App/usbd_desc.o
                0x080078b4                USBD_FS_InterfaceStrDescriptor
 .text.HAL_PCD_MspInit
                0x080078d4       0x94 build/./USB_DEVICE/Target/usbd_conf.o
                0x080078d4                HAL_PCD_MspInit
 .text.HAL_PCD_SetupStageCallback
                0x08007968       0x10 build/./USB_DEVICE/Target/usbd_conf.o
                0x08007968                HAL_PCD_SetupStageCallback
 .text.HAL_PCD_DataOutStageCallback
                0x08007978       0x18 build/./USB_DEVICE/Target/usbd_conf.o
                0x08007978                HAL_PCD_DataOutStageCallback
 .text.HAL_PCD_DataInStageCallback
                0x08007990       0x14 build/./USB_DEVICE/Target/usbd_conf.o
                0x08007990                HAL_PCD_DataInStageCallback
 .text.HAL_PCD_SOFCallback
                0x080079a4        0xc build/./USB_DEVICE/Target/usbd_conf.o
                0x080079a4                HAL_PCD_SOFCallback
 .text.HAL_PCD_ResetCallback
                0x080079b0       0x34 build/./USB_DEVICE/Target/usbd_conf.o
                0x080079b0                HAL_PCD_ResetCallback
 .text.HAL_PCD_SuspendCallback
                0x080079e4       0x34 build/./USB_DEVICE/Target/usbd_conf.o
                0x080079e4                HAL_PCD_SuspendCallback
 .text.HAL_PCD_ResumeCallback
                0x08007a18        0xc build/./USB_DEVICE/Target/usbd_conf.o
                0x08007a18                HAL_PCD_ResumeCallback
 .text.HAL_PCD_ISOOUTIncompleteCallback
                0x08007a24        0xc build/./USB_DEVICE/Target/usbd_conf.o
                0x08007a24                HAL_PCD_ISOOUTIncompleteCallback
 .text.HAL_PCD_ISOINIncompleteCallback
                0x08007a30        0xc build/./USB_DEVICE/Target/usbd_conf.o
                0x08007a30                HAL_PCD_ISOINIncompleteCallback
 .text.HAL_PCD_ConnectCallback
                0x08007a3c        0xc build/./USB_DEVICE/Target/usbd_conf.o
                0x08007a3c                HAL_PCD_ConnectCallback
 .text.HAL_PCD_DisconnectCallback
                0x08007a48        0xc build/./USB_DEVICE/Target/usbd_conf.o
                0x08007a48                HAL_PCD_DisconnectCallback
 .text.USBD_LL_Init
                0x08007a54       0x6c build/./USB_DEVICE/Target/usbd_conf.o
                0x08007a54                USBD_LL_Init
 .text.USBD_LL_IsStallEP
                0x08007ac0       0x26 build/./USB_DEVICE/Target/usbd_conf.o
                0x08007ac0                USBD_LL_IsStallEP
 *fill*         0x08007ae6        0x2 
 .text.USBD_LL_GetRxDataSize
                0x08007ae8        0xc build/./USB_DEVICE/Target/usbd_conf.o
                0x08007ae8                USBD_LL_GetRxDataSize
 .text.USBD_static_malloc
                0x08007af4        0x8 build/./USB_DEVICE/Target/usbd_conf.o
                0x08007af4                USBD_static_malloc
 .text.USBD_static_free
                0x08007afc        0x2 build/./USB_DEVICE/Target/usbd_conf.o
                0x08007afc                USBD_static_free
 *fill*         0x08007afe        0x2 
 .text.USBD_Get_USB_Status
                0x08007b00       0x10 build/./USB_DEVICE/Target/usbd_conf.o
                0x08007b00                USBD_Get_USB_Status
 .text.USBD_LL_Start
                0x08007b10       0x1c build/./USB_DEVICE/Target/usbd_conf.o
                0x08007b10                USBD_LL_Start
 .text.USBD_LL_OpenEP
                0x08007b2c       0x20 build/./USB_DEVICE/Target/usbd_conf.o
                0x08007b2c                USBD_LL_OpenEP
 .text.USBD_LL_CloseEP
                0x08007b4c       0x1c build/./USB_DEVICE/Target/usbd_conf.o
                0x08007b4c                USBD_LL_CloseEP
 .text.USBD_LL_StallEP
                0x08007b68       0x1c build/./USB_DEVICE/Target/usbd_conf.o
                0x08007b68                USBD_LL_StallEP
 .text.USBD_LL_ClearStallEP
                0x08007b84       0x1c build/./USB_DEVICE/Target/usbd_conf.o
                0x08007b84                USBD_LL_ClearStallEP
 .text.USBD_LL_SetUSBAddress
                0x08007ba0       0x1c build/./USB_DEVICE/Target/usbd_conf.o
                0x08007ba0                USBD_LL_SetUSBAddress
 .text.USBD_LL_Transmit
                0x08007bbc       0x1c build/./USB_DEVICE/Target/usbd_conf.o
                0x08007bbc                USBD_LL_Transmit
 .text.USBD_LL_PrepareReceive
                0x08007bd8       0x1c build/./USB_DEVICE/Target/usbd_conf.o
                0x08007bd8                USBD_LL_PrepareReceive
 .text.Reset_Handler
                0x08007bf4       0x50 build/Core/Startup/startup_stm32f401cdux.o
                0x08007bf4                Reset_Handler
 .text.Default_Handler
                0x08007c44        0x2 build/Core/Startup/startup_stm32f401cdux.o
                0x08007c44                RTC_Alarm_IRQHandler
                0x08007c44                EXTI2_IRQHandler
                0x08007c44                SPI4_IRQHandler
                0x08007c44                TIM1_CC_IRQHandler
                0x08007c44                DMA2_Stream5_IRQHandler
                0x08007c44                PVD_IRQHandler
                0x08007c44                SDIO_IRQHandler
                0x08007c44                TAMP_STAMP_IRQHandler
                0x08007c44                EXTI3_IRQHandler
                0x08007c44                TIM1_UP_TIM10_IRQHandler
                0x08007c44                I2C3_ER_IRQHandler
                0x08007c44                EXTI0_IRQHandler
                0x08007c44                I2C2_EV_IRQHandler
                0x08007c44                DMA1_Stream2_IRQHandler
                0x08007c44                FPU_IRQHandler
                0x08007c44                SPI1_IRQHandler
                0x08007c44                TIM1_BRK_TIM9_IRQHandler
                0x08007c44                DMA2_Stream3_IRQHandler
                0x08007c44                USART6_IRQHandler
                0x08007c44                DMA2_Stream0_IRQHandler
                0x08007c44                TIM4_IRQHandler
                0x08007c44                I2C1_EV_IRQHandler
                0x08007c44                DMA1_Stream6_IRQHandler
                0x08007c44                DMA1_Stream1_IRQHandler
                0x08007c44                TIM3_IRQHandler
                0x08007c44                RCC_IRQHandler
                0x08007c44                Default_Handler
                0x08007c44                EXTI15_10_IRQHandler
                0x08007c44                ADC_IRQHandler
                0x08007c44                DMA1_Stream7_IRQHandler
                0x08007c44                TIM5_IRQHandler
                0x08007c44                DMA2_Stream7_IRQHandler
                0x08007c44                I2C3_EV_IRQHandler
                0x08007c44                EXTI9_5_IRQHandler
                0x08007c44                RTC_WKUP_IRQHandler
                0x08007c44                SPI2_IRQHandler
                0x08007c44                DMA1_Stream0_IRQHandler
                0x08007c44                EXTI4_IRQHandler
                0x08007c44                WWDG_IRQHandler
                0x08007c44                TIM2_IRQHandler
                0x08007c44                OTG_FS_WKUP_IRQHandler
                0x08007c44                TIM1_TRG_COM_TIM11_IRQHandler
                0x08007c44                EXTI1_IRQHandler
                0x08007c44                USART2_IRQHandler
                0x08007c44                I2C2_ER_IRQHandler
                0x08007c44                FLASH_IRQHandler
                0x08007c44                DMA2_Stream4_IRQHandler
                0x08007c44                USART1_IRQHandler
                0x08007c44                SPI3_IRQHandler
                0x08007c44                I2C1_ER_IRQHandler
                0x08007c44                DMA2_Stream6_IRQHandler
                0x08007c44                DMA1_Stream3_IRQHandler
 *fill*         0x08007c46        0x2 
 .text.cosf     0x08007c48       0x70 e:/vscode-cortexdebug2/tools/gnuarm/bin/../lib/gcc/arm-none-eabi/10.3.1/../../../../arm-none-eabi/lib/thumb/v7e-m+fp/hard\libm.a(lib_a-sf_cos.o)
                0x08007c48                cosf
 .text.floorf   0x08007cb8       0x8c e:/vscode-cortexdebug2/tools/gnuarm/bin/../lib/gcc/arm-none-eabi/10.3.1/../../../../arm-none-eabi/lib/thumb/v7e-m+fp/hard\libm.a(lib_a-sf_floor.o)
                0x08007cb8                floorf
 .text.sinf     0x08007d44       0x74 e:/vscode-cortexdebug2/tools/gnuarm/bin/../lib/gcc/arm-none-eabi/10.3.1/../../../../arm-none-eabi/lib/thumb/v7e-m+fp/hard\libm.a(lib_a-sf_sin.o)
                0x08007d44                sinf
 .text.acosf    0x08007db8       0x58 e:/vscode-cortexdebug2/tools/gnuarm/bin/../lib/gcc/arm-none-eabi/10.3.1/../../../../arm-none-eabi/lib/thumb/v7e-m+fp/hard\libm.a(lib_a-wf_acos.o)
                0x08007db8                acosf
 .text.expf     0x08007e10       0x78 e:/vscode-cortexdebug2/tools/gnuarm/bin/../lib/gcc/arm-none-eabi/10.3.1/../../../../arm-none-eabi/lib/thumb/v7e-m+fp/hard\libm.a(lib_a-wf_exp.o)
                0x08007e10                expf
 .text.logf     0x08007e88       0x60 e:/vscode-cortexdebug2/tools/gnuarm/bin/../lib/gcc/arm-none-eabi/10.3.1/../../../../arm-none-eabi/lib/thumb/v7e-m+fp/hard\libm.a(lib_a-wf_log.o)
                0x08007e88                logf
 .text.sqrtf    0x08007ee8       0x44 e:/vscode-cortexdebug2/tools/gnuarm/bin/../lib/gcc/arm-none-eabi/10.3.1/../../../../arm-none-eabi/lib/thumb/v7e-m+fp/hard\libm.a(lib_a-wf_sqrt.o)
                0x08007ee8                sqrtf
 .text.__ieee754_acosf
                0x08007f2c      0x248 e:/vscode-cortexdebug2/tools/gnuarm/bin/../lib/gcc/arm-none-eabi/10.3.1/../../../../arm-none-eabi/lib/thumb/v7e-m+fp/hard\libm.a(lib_a-ef_acos.o)
                0x08007f2c                __ieee754_acosf
 .text.__ieee754_expf
                0x08008174      0x1e8 e:/vscode-cortexdebug2/tools/gnuarm/bin/../lib/gcc/arm-none-eabi/10.3.1/../../../../arm-none-eabi/lib/thumb/v7e-m+fp/hard\libm.a(lib_a-ef_exp.o)
                0x08008174                __ieee754_expf
 .text.__ieee754_logf
                0x0800835c      0x200 e:/vscode-cortexdebug2/tools/gnuarm/bin/../lib/gcc/arm-none-eabi/10.3.1/../../../../arm-none-eabi/lib/thumb/v7e-m+fp/hard\libm.a(lib_a-ef_log.o)
                0x0800835c                __ieee754_logf
 .text.__ieee754_rem_pio2f
                0x0800855c      0x264 e:/vscode-cortexdebug2/tools/gnuarm/bin/../lib/gcc/arm-none-eabi/10.3.1/../../../../arm-none-eabi/lib/thumb/v7e-m+fp/hard\libm.a(lib_a-ef_rem_pio2.o)
                0x0800855c                __ieee754_rem_pio2f
 .text.__ieee754_sqrtf
                0x080087c0        0x8 e:/vscode-cortexdebug2/tools/gnuarm/bin/../lib/gcc/arm-none-eabi/10.3.1/../../../../arm-none-eabi/lib/thumb/v7e-m+fp/hard\libm.a(lib_a-ef_sqrt.o)
                0x080087c0                __ieee754_sqrtf
 .text.__kernel_cosf
                0x080087c8      0x104 e:/vscode-cortexdebug2/tools/gnuarm/bin/../lib/gcc/arm-none-eabi/10.3.1/../../../../arm-none-eabi/lib/thumb/v7e-m+fp/hard\libm.a(lib_a-kf_cos.o)
                0x080087c8                __kernel_cosf
 .text.__kernel_rem_pio2f
                0x080088cc      0x674 e:/vscode-cortexdebug2/tools/gnuarm/bin/../lib/gcc/arm-none-eabi/10.3.1/../../../../arm-none-eabi/lib/thumb/v7e-m+fp/hard\libm.a(lib_a-kf_rem_pio2.o)
                0x080088cc                __kernel_rem_pio2f
 .text.__kernel_sinf
                0x08008f40       0x90 e:/vscode-cortexdebug2/tools/gnuarm/bin/../lib/gcc/arm-none-eabi/10.3.1/../../../../arm-none-eabi/lib/thumb/v7e-m+fp/hard\libm.a(lib_a-kf_sin.o)
                0x08008f40                __kernel_sinf
 .text.with_errnof
                0x08008fd0       0x18 e:/vscode-cortexdebug2/tools/gnuarm/bin/../lib/gcc/arm-none-eabi/10.3.1/../../../../arm-none-eabi/lib/thumb/v7e-m+fp/hard\libm.a(lib_a-math_errf.o)
 .text.xflowf   0x08008fe8       0x20 e:/vscode-cortexdebug2/tools/gnuarm/bin/../lib/gcc/arm-none-eabi/10.3.1/../../../../arm-none-eabi/lib/thumb/v7e-m+fp/hard\libm.a(lib_a-math_errf.o)
 .text.__math_uflowf
                0x08009008        0xc e:/vscode-cortexdebug2/tools/gnuarm/bin/../lib/gcc/arm-none-eabi/10.3.1/../../../../arm-none-eabi/lib/thumb/v7e-m+fp/hard\libm.a(lib_a-math_errf.o)
                0x08009008                __math_uflowf
 .text.__math_oflowf
                0x08009014        0xc e:/vscode-cortexdebug2/tools/gnuarm/bin/../lib/gcc/arm-none-eabi/10.3.1/../../../../arm-none-eabi/lib/thumb/v7e-m+fp/hard\libm.a(lib_a-math_errf.o)
                0x08009014                __math_oflowf
 .text.fabsf    0x08009020       0x10 e:/vscode-cortexdebug2/tools/gnuarm/bin/../lib/gcc/arm-none-eabi/10.3.1/../../../../arm-none-eabi/lib/thumb/v7e-m+fp/hard\libm.a(lib_a-sf_fabs.o)
                0x08009020                fabsf
 .text.finitef  0x08009030       0x1c e:/vscode-cortexdebug2/tools/gnuarm/bin/../lib/gcc/arm-none-eabi/10.3.1/../../../../arm-none-eabi/lib/thumb/v7e-m+fp/hard\libm.a(lib_a-sf_finite.o)
                0x08009030                finitef
 .text.nanf     0x0800904c        0xc e:/vscode-cortexdebug2/tools/gnuarm/bin/../lib/gcc/arm-none-eabi/10.3.1/../../../../arm-none-eabi/lib/thumb/v7e-m+fp/hard\libm.a(lib_a-sf_nan.o)
                0x0800904c                nanf
 .text.scalbnf  0x08009058       0xe4 e:/vscode-cortexdebug2/tools/gnuarm/bin/../lib/gcc/arm-none-eabi/10.3.1/../../../../arm-none-eabi/lib/thumb/v7e-m+fp/hard\libm.a(lib_a-sf_scalbn.o)
                0x08009058                scalbnf
 .text.__errno  0x0800913c        0xc e:/vscode-cortexdebug2/tools/gnuarm/bin/../lib/gcc/arm-none-eabi/10.3.1/../../../../arm-none-eabi/lib/thumb/v7e-m+fp/hard\libc_nano.a(lib_a-errno.o)
                0x0800913c                __errno
 .text.__libc_init_array
                0x08009148       0x48 e:/vscode-cortexdebug2/tools/gnuarm/bin/../lib/gcc/arm-none-eabi/10.3.1/../../../../arm-none-eabi/lib/thumb/v7e-m+fp/hard\libc_nano.a(lib_a-init.o)
                0x08009148                __libc_init_array
 .text.memset   0x08009190       0x10 e:/vscode-cortexdebug2/tools/gnuarm/bin/../lib/gcc/arm-none-eabi/10.3.1/../../../../arm-none-eabi/lib/thumb/v7e-m+fp/hard\libc_nano.a(lib_a-memset.o)
                0x08009190                memset
 .text.printf   0x080091a0       0x30 e:/vscode-cortexdebug2/tools/gnuarm/bin/../lib/gcc/arm-none-eabi/10.3.1/../../../../arm-none-eabi/lib/thumb/v7e-m+fp/hard\libc_nano.a(lib_a-printf.o)
                0x080091a0                iprintf
                0x080091a0                printf
 .text._puts_r  0x080091d0       0xdc e:/vscode-cortexdebug2/tools/gnuarm/bin/../lib/gcc/arm-none-eabi/10.3.1/../../../../arm-none-eabi/lib/thumb/v7e-m+fp/hard\libc_nano.a(lib_a-puts.o)
                0x080091d0                _puts_r
 .text.puts     0x080092ac       0x10 e:/vscode-cortexdebug2/tools/gnuarm/bin/../lib/gcc/arm-none-eabi/10.3.1/../../../../arm-none-eabi/lib/thumb/v7e-m+fp/hard\libc_nano.a(lib_a-puts.o)
                0x080092ac                puts
 .text.__swbuf_r
                0x080092bc       0xa4 e:/vscode-cortexdebug2/tools/gnuarm/bin/../lib/gcc/arm-none-eabi/10.3.1/../../../../arm-none-eabi/lib/thumb/v7e-m+fp/hard\libc_nano.a(lib_a-wbuf.o)
                0x080092bc                __swbuf_r
 .text.__swsetup_r
                0x08009360       0xdc e:/vscode-cortexdebug2/tools/gnuarm/bin/../lib/gcc/arm-none-eabi/10.3.1/../../../../arm-none-eabi/lib/thumb/v7e-m+fp/hard\libc_nano.a(lib_a-wsetup.o)
                0x08009360                __swsetup_r
 .text.__sflush_r
                0x0800943c      0x10c e:/vscode-cortexdebug2/tools/gnuarm/bin/../lib/gcc/arm-none-eabi/10.3.1/../../../../arm-none-eabi/lib/thumb/v7e-m+fp/hard\libc_nano.a(lib_a-fflush.o)
                0x0800943c                __sflush_r
 .text._fflush_r
                0x08009548       0x78 e:/vscode-cortexdebug2/tools/gnuarm/bin/../lib/gcc/arm-none-eabi/10.3.1/../../../../arm-none-eabi/lib/thumb/v7e-m+fp/hard\libc_nano.a(lib_a-fflush.o)
                0x08009548                _fflush_r
 .text.std      0x080095c0       0x48 e:/vscode-cortexdebug2/tools/gnuarm/bin/../lib/gcc/arm-none-eabi/10.3.1/../../../../arm-none-eabi/lib/thumb/v7e-m+fp/hard\libc_nano.a(lib_a-findfp.o)
 .text._cleanup_r
                0x08009608        0xc e:/vscode-cortexdebug2/tools/gnuarm/bin/../lib/gcc/arm-none-eabi/10.3.1/../../../../arm-none-eabi/lib/thumb/v7e-m+fp/hard\libc_nano.a(lib_a-findfp.o)
                0x08009608                _cleanup_r
 .text.__sfmoreglue
                0x08009614       0x2c e:/vscode-cortexdebug2/tools/gnuarm/bin/../lib/gcc/arm-none-eabi/10.3.1/../../../../arm-none-eabi/lib/thumb/v7e-m+fp/hard\libc_nano.a(lib_a-findfp.o)
                0x08009614                __sfmoreglue
 .text.__sfp_lock_acquire
                0x08009640        0xc e:/vscode-cortexdebug2/tools/gnuarm/bin/../lib/gcc/arm-none-eabi/10.3.1/../../../../arm-none-eabi/lib/thumb/v7e-m+fp/hard\libc_nano.a(lib_a-findfp.o)
                0x08009640                __sfp_lock_acquire
 .text.__sfp_lock_release
                0x0800964c        0xc e:/vscode-cortexdebug2/tools/gnuarm/bin/../lib/gcc/arm-none-eabi/10.3.1/../../../../arm-none-eabi/lib/thumb/v7e-m+fp/hard\libc_nano.a(lib_a-findfp.o)
                0x0800964c                __sfp_lock_release
 .text.__sinit_lock_acquire
                0x08009658        0xc e:/vscode-cortexdebug2/tools/gnuarm/bin/../lib/gcc/arm-none-eabi/10.3.1/../../../../arm-none-eabi/lib/thumb/v7e-m+fp/hard\libc_nano.a(lib_a-findfp.o)
                0x08009658                __sinit_lock_acquire
 .text.__sinit_lock_release
                0x08009664        0xc e:/vscode-cortexdebug2/tools/gnuarm/bin/../lib/gcc/arm-none-eabi/10.3.1/../../../../arm-none-eabi/lib/thumb/v7e-m+fp/hard\libc_nano.a(lib_a-findfp.o)
                0x08009664                __sinit_lock_release
 .text.__sinit  0x08009670       0x70 e:/vscode-cortexdebug2/tools/gnuarm/bin/../lib/gcc/arm-none-eabi/10.3.1/../../../../arm-none-eabi/lib/thumb/v7e-m+fp/hard\libc_nano.a(lib_a-findfp.o)
                0x08009670                __sinit
 .text.__sfp    0x080096e0       0x8c e:/vscode-cortexdebug2/tools/gnuarm/bin/../lib/gcc/arm-none-eabi/10.3.1/../../../../arm-none-eabi/lib/thumb/v7e-m+fp/hard\libc_nano.a(lib_a-findfp.o)
                0x080096e0                __sfp
 .text._fwalk_reent
                0x0800976c       0x3e e:/vscode-cortexdebug2/tools/gnuarm/bin/../lib/gcc/arm-none-eabi/10.3.1/../../../../arm-none-eabi/lib/thumb/v7e-m+fp/hard\libc_nano.a(lib_a-fwalk.o)
                0x0800976c                _fwalk_reent
 .text.__retarget_lock_init_recursive
                0x080097aa        0x2 e:/vscode-cortexdebug2/tools/gnuarm/bin/../lib/gcc/arm-none-eabi/10.3.1/../../../../arm-none-eabi/lib/thumb/v7e-m+fp/hard\libc_nano.a(lib_a-lock.o)
                0x080097aa                __retarget_lock_init_recursive
 .text.__retarget_lock_acquire_recursive
                0x080097ac        0x2 e:/vscode-cortexdebug2/tools/gnuarm/bin/../lib/gcc/arm-none-eabi/10.3.1/../../../../arm-none-eabi/lib/thumb/v7e-m+fp/hard\libc_nano.a(lib_a-lock.o)
                0x080097ac                __retarget_lock_acquire_recursive
 .text.__retarget_lock_release_recursive
                0x080097ae        0x2 e:/vscode-cortexdebug2/tools/gnuarm/bin/../lib/gcc/arm-none-eabi/10.3.1/../../../../arm-none-eabi/lib/thumb/v7e-m+fp/hard\libc_nano.a(lib_a-lock.o)
                0x080097ae                __retarget_lock_release_recursive
 .text.__swhatbuf_r
                0x080097b0       0x4a e:/vscode-cortexdebug2/tools/gnuarm/bin/../lib/gcc/arm-none-eabi/10.3.1/../../../../arm-none-eabi/lib/thumb/v7e-m+fp/hard\libc_nano.a(lib_a-makebuf.o)
                0x080097b0                __swhatbuf_r
 *fill*         0x080097fa        0x2 
 .text.__smakebuf_r
                0x080097fc       0x80 e:/vscode-cortexdebug2/tools/gnuarm/bin/../lib/gcc/arm-none-eabi/10.3.1/../../../../arm-none-eabi/lib/thumb/v7e-m+fp/hard\libc_nano.a(lib_a-makebuf.o)
                0x080097fc                __smakebuf_r
 .text._free_r  0x0800987c       0x98 e:/vscode-cortexdebug2/tools/gnuarm/bin/../lib/gcc/arm-none-eabi/10.3.1/../../../../arm-none-eabi/lib/thumb/v7e-m+fp/hard\libc_nano.a(lib_a-nano-freer.o)
                0x0800987c                _free_r
 .text.sbrk_aligned
                0x08009914       0x40 e:/vscode-cortexdebug2/tools/gnuarm/bin/../lib/gcc/arm-none-eabi/10.3.1/../../../../arm-none-eabi/lib/thumb/v7e-m+fp/hard\libc_nano.a(lib_a-nano-mallocr.o)
 .text._malloc_r
                0x08009954       0xe8 e:/vscode-cortexdebug2/tools/gnuarm/bin/../lib/gcc/arm-none-eabi/10.3.1/../../../../arm-none-eabi/lib/thumb/v7e-m+fp/hard\libc_nano.a(lib_a-nano-mallocr.o)
                0x08009954                _malloc_r
 .text.__sfputc_r
                0x08009a3c       0x2e e:/vscode-cortexdebug2/tools/gnuarm/bin/../lib/gcc/arm-none-eabi/10.3.1/../../../../arm-none-eabi/lib/thumb/v7e-m+fp/hard\libc_nano.a(lib_a-nano-vfprintf.o)
 .text.__sfputs_r
                0x08009a6a       0x24 e:/vscode-cortexdebug2/tools/gnuarm/bin/../lib/gcc/arm-none-eabi/10.3.1/../../../../arm-none-eabi/lib/thumb/v7e-m+fp/hard\libc_nano.a(lib_a-nano-vfprintf.o)
                0x08009a6a                __sfputs_r
 *fill*         0x08009a8e        0x2 
 .text._vfprintf_r
                0x08009a90      0x260 e:/vscode-cortexdebug2/tools/gnuarm/bin/../lib/gcc/arm-none-eabi/10.3.1/../../../../arm-none-eabi/lib/thumb/v7e-m+fp/hard\libc_nano.a(lib_a-nano-vfprintf.o)
                0x08009a90                _vfprintf_r
                0x08009a90                _vfiprintf_r
 .text._printf_common
                0x08009cf0       0xda e:/vscode-cortexdebug2/tools/gnuarm/bin/../lib/gcc/arm-none-eabi/10.3.1/../../../../arm-none-eabi/lib/thumb/v7e-m+fp/hard\libc_nano.a(lib_a-nano-vfprintf_i.o)
                0x08009cf0                _printf_common
 *fill*         0x08009dca        0x2 
 .text._printf_i
                0x08009dcc      0x24c e:/vscode-cortexdebug2/tools/gnuarm/bin/../lib/gcc/arm-none-eabi/10.3.1/../../../../arm-none-eabi/lib/thumb/v7e-m+fp/hard\libc_nano.a(lib_a-nano-vfprintf_i.o)
                0x08009dcc                _printf_i
 .text._sbrk_r  0x0800a018       0x20 e:/vscode-cortexdebug2/tools/gnuarm/bin/../lib/gcc/arm-none-eabi/10.3.1/../../../../arm-none-eabi/lib/thumb/v7e-m+fp/hard\libc_nano.a(lib_a-sbrkr.o)
                0x0800a018                _sbrk_r
 .text.__sread  0x0800a038       0x22 e:/vscode-cortexdebug2/tools/gnuarm/bin/../lib/gcc/arm-none-eabi/10.3.1/../../../../arm-none-eabi/lib/thumb/v7e-m+fp/hard\libc_nano.a(lib_a-stdio.o)
                0x0800a038                __sread
 .text.__swrite
                0x0800a05a       0x38 e:/vscode-cortexdebug2/tools/gnuarm/bin/../lib/gcc/arm-none-eabi/10.3.1/../../../../arm-none-eabi/lib/thumb/v7e-m+fp/hard\libc_nano.a(lib_a-stdio.o)
                0x0800a05a                __swrite
 .text.__sseek  0x0800a092       0x24 e:/vscode-cortexdebug2/tools/gnuarm/bin/../lib/gcc/arm-none-eabi/10.3.1/../../../../arm-none-eabi/lib/thumb/v7e-m+fp/hard\libc_nano.a(lib_a-stdio.o)
                0x0800a092                __sseek
 .text.__sclose
                0x0800a0b6        0x8 e:/vscode-cortexdebug2/tools/gnuarm/bin/../lib/gcc/arm-none-eabi/10.3.1/../../../../arm-none-eabi/lib/thumb/v7e-m+fp/hard\libc_nano.a(lib_a-stdio.o)
                0x0800a0b6                __sclose
 *fill*         0x0800a0be        0x2 
 .text._write_r
                0x0800a0c0       0x24 e:/vscode-cortexdebug2/tools/gnuarm/bin/../lib/gcc/arm-none-eabi/10.3.1/../../../../arm-none-eabi/lib/thumb/v7e-m+fp/hard\libc_nano.a(lib_a-writer.o)
                0x0800a0c0                _write_r
 .text._close_r
                0x0800a0e4       0x20 e:/vscode-cortexdebug2/tools/gnuarm/bin/../lib/gcc/arm-none-eabi/10.3.1/../../../../arm-none-eabi/lib/thumb/v7e-m+fp/hard\libc_nano.a(lib_a-closer.o)
                0x0800a0e4                _close_r
 .text._fstat_r
                0x0800a104       0x24 e:/vscode-cortexdebug2/tools/gnuarm/bin/../lib/gcc/arm-none-eabi/10.3.1/../../../../arm-none-eabi/lib/thumb/v7e-m+fp/hard\libc_nano.a(lib_a-fstatr.o)
                0x0800a104                _fstat_r
 .text._isatty_r
                0x0800a128       0x20 e:/vscode-cortexdebug2/tools/gnuarm/bin/../lib/gcc/arm-none-eabi/10.3.1/../../../../arm-none-eabi/lib/thumb/v7e-m+fp/hard\libc_nano.a(lib_a-isattyr.o)
                0x0800a128                _isatty_r
 .text._lseek_r
                0x0800a148       0x24 e:/vscode-cortexdebug2/tools/gnuarm/bin/../lib/gcc/arm-none-eabi/10.3.1/../../../../arm-none-eabi/lib/thumb/v7e-m+fp/hard\libc_nano.a(lib_a-lseekr.o)
                0x0800a148                _lseek_r
 .text.__malloc_lock
                0x0800a16c        0xc e:/vscode-cortexdebug2/tools/gnuarm/bin/../lib/gcc/arm-none-eabi/10.3.1/../../../../arm-none-eabi/lib/thumb/v7e-m+fp/hard\libc_nano.a(lib_a-mlock.o)
                0x0800a16c                __malloc_lock
 .text.__malloc_unlock
                0x0800a178        0xc e:/vscode-cortexdebug2/tools/gnuarm/bin/../lib/gcc/arm-none-eabi/10.3.1/../../../../arm-none-eabi/lib/thumb/v7e-m+fp/hard\libc_nano.a(lib_a-mlock.o)
                0x0800a178                __malloc_unlock
 .text._read_r  0x0800a184       0x24 e:/vscode-cortexdebug2/tools/gnuarm/bin/../lib/gcc/arm-none-eabi/10.3.1/../../../../arm-none-eabi/lib/thumb/v7e-m+fp/hard\libc_nano.a(lib_a-readr.o)
                0x0800a184                _read_r
 *(.glue_7)
 .glue_7        0x0800a1a8        0x0 linker stubs
 *(.glue_7t)
 .glue_7t       0x0800a1a8        0x0 linker stubs
 *(.eh_frame)
 .eh_frame      0x0800a1a8        0x0 e:/vscode-cortexdebug2/tools/gnuarm/bin/../lib/gcc/arm-none-eabi/10.3.1/thumb/v7e-m+fp/hard/crtbegin.o
 *(.init)
 .init          0x0800a1a8        0x4 e:/vscode-cortexdebug2/tools/gnuarm/bin/../lib/gcc/arm-none-eabi/10.3.1/thumb/v7e-m+fp/hard/crti.o
                0x0800a1a8                _init
 .init          0x0800a1ac        0x8 e:/vscode-cortexdebug2/tools/gnuarm/bin/../lib/gcc/arm-none-eabi/10.3.1/thumb/v7e-m+fp/hard/crtn.o
 *(.fini)
 .fini          0x0800a1b4        0x4 e:/vscode-cortexdebug2/tools/gnuarm/bin/../lib/gcc/arm-none-eabi/10.3.1/thumb/v7e-m+fp/hard/crti.o
                0x0800a1b4                _fini
 .fini          0x0800a1b8        0x8 e:/vscode-cortexdebug2/tools/gnuarm/bin/../lib/gcc/arm-none-eabi/10.3.1/thumb/v7e-m+fp/hard/crtn.o
                0x0800a1c0                . = ALIGN (0x4)
                0x0800a1c0                _etext = .

.vfp11_veneer   0x0800a1c0        0x0
 .vfp11_veneer  0x0800a1c0        0x0 linker stubs

.v4_bx          0x0800a1c0        0x0
 .v4_bx         0x0800a1c0        0x0 linker stubs

.iplt           0x0800a1c0        0x0
 .iplt          0x0800a1c0        0x0 e:/vscode-cortexdebug2/tools/gnuarm/bin/../lib/gcc/arm-none-eabi/10.3.1/thumb/v7e-m+fp/hard/crtbegin.o

.rodata         0x0800a1c0    0x38a90
                0x0800a1c0                . = ALIGN (0x4)
 *(.rodata)
 *(.rodata*)
 .rodata.gimp_image_dual
                0x0800a1c0    0x1c210 build/./Core/Src/dual240.o
 .rodata.AUDIO_Init.str1.1
                0x080263d0       0x15 build/./Core/Src/main.o
 .rodata.AUDIO_OUT_Start.str1.1
                0x080263e5       0x1e build/./Core/Src/main.o
 .rodata.HAL_I2S_ErrorCallback.str1.1
                0x08026403       0x26 build/./Core/Src/main.o
 .rodata.tableSetup1.str1.1
                0x08026429       0x12 build/./Core/Src/main.o
 .rodata.main.str1.1
                0x0802643b       0xf8 build/./Core/Src/main.o
 .rodata.cmd_240x240
                0x08026533       0x20 build/./Core/Src/st7789.o
 .rodata.AHBPrescTable
                0x08026553       0x10 build/./Core/Src/system_stm32f4xx.o
                0x08026553                AHBPrescTable
 .rodata.APBPrescTable
                0x08026563        0x8 build/./Core/Src/system_stm32f4xx.o
                0x08026563                APBPrescTable
 *fill*         0x0802656b        0x1 
 .rodata.gimp_image
                0x0802656c    0x1c210 build/./Core/Src/uvmete240.o
 .rodata.flagBitshiftOffset.0
                0x0804277c        0x8 build/./Drivers/STM32F4xx_HAL_Driver/Src/stm32f4xx_hal_dma.o
 .rodata.USBD_FS_ManufacturerStrDescriptor.str1.1
                0x08042784       0x13 build/./USB_DEVICE/App/usbd_desc.o
 .rodata.USBD_FS_ProductStrDescriptor.str1.1
                0x08042797       0x12 build/./USB_DEVICE/App/usbd_desc.o
 .rodata.USBD_FS_ConfigStrDescriptor.str1.1
                0x080427a9        0xd build/./USB_DEVICE/App/usbd_desc.o
 .rodata.USBD_FS_InterfaceStrDescriptor.str1.1
                0x080427b6       0x10 build/./USB_DEVICE/App/usbd_desc.o
 .rodata.CSWTCH.23
                0x080427c6        0x4 build/./USB_DEVICE/Target/usbd_conf.o
 *fill*         0x080427ca        0x2 
 .rodata.acosf.str1.4
                0x080427cc        0x1 e:/vscode-cortexdebug2/tools/gnuarm/bin/../lib/gcc/arm-none-eabi/10.3.1/../../../../arm-none-eabi/lib/thumb/v7e-m+fp/hard\libm.a(lib_a-wf_acos.o)
 .rodata.logf.str1.4
                0x080427cd        0x1 e:/vscode-cortexdebug2/tools/gnuarm/bin/../lib/gcc/arm-none-eabi/10.3.1/../../../../arm-none-eabi/lib/thumb/v7e-m+fp/hard\libm.a(lib_a-wf_log.o)
 *fill*         0x080427cd        0x3 
 .rodata.halF   0x080427d0        0x8 e:/vscode-cortexdebug2/tools/gnuarm/bin/../lib/gcc/arm-none-eabi/10.3.1/../../../../arm-none-eabi/lib/thumb/v7e-m+fp/hard\libm.a(lib_a-ef_exp.o)
 .rodata.ln2HI  0x080427d8        0x8 e:/vscode-cortexdebug2/tools/gnuarm/bin/../lib/gcc/arm-none-eabi/10.3.1/../../../../arm-none-eabi/lib/thumb/v7e-m+fp/hard\libm.a(lib_a-ef_exp.o)
 .rodata.ln2LO  0x080427e0        0x8 e:/vscode-cortexdebug2/tools/gnuarm/bin/../lib/gcc/arm-none-eabi/10.3.1/../../../../arm-none-eabi/lib/thumb/v7e-m+fp/hard\libm.a(lib_a-ef_exp.o)
 .rodata.npio2_hw
                0x080427e8       0x80 e:/vscode-cortexdebug2/tools/gnuarm/bin/../lib/gcc/arm-none-eabi/10.3.1/../../../../arm-none-eabi/lib/thumb/v7e-m+fp/hard\libm.a(lib_a-ef_rem_pio2.o)
 .rodata.two_over_pi
                0x08042868      0x318 e:/vscode-cortexdebug2/tools/gnuarm/bin/../lib/gcc/arm-none-eabi/10.3.1/../../../../arm-none-eabi/lib/thumb/v7e-m+fp/hard\libm.a(lib_a-ef_rem_pio2.o)
 .rodata.PIo2   0x08042b80       0x2c e:/vscode-cortexdebug2/tools/gnuarm/bin/../lib/gcc/arm-none-eabi/10.3.1/../../../../arm-none-eabi/lib/thumb/v7e-m+fp/hard\libm.a(lib_a-kf_rem_pio2.o)
 .rodata.init_jk
                0x08042bac        0xc e:/vscode-cortexdebug2/tools/gnuarm/bin/../lib/gcc/arm-none-eabi/10.3.1/../../../../arm-none-eabi/lib/thumb/v7e-m+fp/hard\libm.a(lib_a-kf_rem_pio2.o)
 .rodata._global_impure_ptr
                0x08042bb8        0x4 e:/vscode-cortexdebug2/tools/gnuarm/bin/../lib/gcc/arm-none-eabi/10.3.1/../../../../arm-none-eabi/lib/thumb/v7e-m+fp/hard\libc_nano.a(lib_a-impure.o)
                0x08042bb8                _global_impure_ptr
 .rodata.__sf_fake_stderr
                0x08042bbc       0x20 e:/vscode-cortexdebug2/tools/gnuarm/bin/../lib/gcc/arm-none-eabi/10.3.1/../../../../arm-none-eabi/lib/thumb/v7e-m+fp/hard\libc_nano.a(lib_a-findfp.o)
                0x08042bbc                __sf_fake_stderr
 .rodata.__sf_fake_stdin
                0x08042bdc       0x20 e:/vscode-cortexdebug2/tools/gnuarm/bin/../lib/gcc/arm-none-eabi/10.3.1/../../../../arm-none-eabi/lib/thumb/v7e-m+fp/hard\libc_nano.a(lib_a-findfp.o)
                0x08042bdc                __sf_fake_stdin
 .rodata.__sf_fake_stdout
                0x08042bfc       0x20 e:/vscode-cortexdebug2/tools/gnuarm/bin/../lib/gcc/arm-none-eabi/10.3.1/../../../../arm-none-eabi/lib/thumb/v7e-m+fp/hard\libc_nano.a(lib_a-findfp.o)
                0x08042bfc                __sf_fake_stdout
 .rodata._vfprintf_r.str1.1
                0x08042c1c       0x11 e:/vscode-cortexdebug2/tools/gnuarm/bin/../lib/gcc/arm-none-eabi/10.3.1/../../../../arm-none-eabi/lib/thumb/v7e-m+fp/hard\libc_nano.a(lib_a-nano-vfprintf.o)
 .rodata._printf_i.str1.1
                0x08042c2d       0x22 e:/vscode-cortexdebug2/tools/gnuarm/bin/../lib/gcc/arm-none-eabi/10.3.1/../../../../arm-none-eabi/lib/thumb/v7e-m+fp/hard\libc_nano.a(lib_a-nano-vfprintf_i.o)
                0x08042c50                . = ALIGN (0x4)
 *fill*         0x08042c4f        0x1 

.ARM.extab      0x08042c50        0x0
                0x08042c50                . = ALIGN (0x4)
 *(.ARM.extab* .gnu.linkonce.armextab.*)
                0x08042c50                . = ALIGN (0x4)

.ARM            0x08042c50        0x8
                0x08042c50                . = ALIGN (0x4)
                0x08042c50                __exidx_start = .
 *(.ARM.exidx*)
 .ARM.exidx     0x08042c50        0x8 e:/vscode-cortexdebug2/tools/gnuarm/bin/../lib/gcc/arm-none-eabi/10.3.1/thumb/v7e-m+fp/hard\libgcc.a(_udivmoddi4.o)
                0x08042c58                __exidx_end = .
                0x08042c58                . = ALIGN (0x4)

.rel.dyn        0x08042c58        0x0
 .rel.iplt      0x08042c58        0x0 e:/vscode-cortexdebug2/tools/gnuarm/bin/../lib/gcc/arm-none-eabi/10.3.1/thumb/v7e-m+fp/hard/crtbegin.o

.preinit_array  0x08042c58        0x0
                0x08042c58                . = ALIGN (0x4)
                0x08042c58                PROVIDE (__preinit_array_start = .)
 *(.preinit_array*)
                0x08042c58                PROVIDE (__preinit_array_end = .)
                0x08042c58                . = ALIGN (0x4)

.init_array     0x08042c58        0x4
                0x08042c58                . = ALIGN (0x4)
                0x08042c58                PROVIDE (__init_array_start = .)
 *(SORT_BY_NAME(.init_array.*))
 *(.init_array*)
 .init_array    0x08042c58        0x4 e:/vscode-cortexdebug2/tools/gnuarm/bin/../lib/gcc/arm-none-eabi/10.3.1/thumb/v7e-m+fp/hard/crtbegin.o
                0x08042c5c                PROVIDE (__init_array_end = .)
                0x08042c5c                . = ALIGN (0x4)

.fini_array     0x08042c5c        0x4
                0x08042c5c                . = ALIGN (0x4)
                [!provide]                PROVIDE (__fini_array_start = .)
 *(SORT_BY_NAME(.fini_array.*))
 *(.fini_array*)
 .fini_array    0x08042c5c        0x4 e:/vscode-cortexdebug2/tools/gnuarm/bin/../lib/gcc/arm-none-eabi/10.3.1/thumb/v7e-m+fp/hard/crtbegin.o
                [!provide]                PROVIDE (__fini_array_end = .)
                0x08042c60                . = ALIGN (0x4)
                0x08042c60                _sidata = LOADADDR (.data)

.data           0x20000000      0x1b0 load address 0x08042c60
                0x20000000                . = ALIGN (0x4)
                0x20000000                _sdata = .
 *(.data)
 *(.data*)
 .data.LCD_TYPE
                0x20000000        0x4 build/./Core/Src/main.o
                0x20000000                LCD_TYPE
 .data.REF_COLOR
                0x20000004        0x4 build/./Core/Src/main.o
                0x20000004                REF_COLOR
 .data.VoiceBuff0
                0x20000008        0x4 build/./Core/Src/main.o
                0x20000008                VoiceBuff0
 .data.VoiceBuff1
                0x2000000c        0x4 build/./Core/Src/main.o
                0x2000000c                VoiceBuff1
 .data.prevPos  0x20000010        0x4 build/./Core/Src/main.o
                0x20000010                prevPos
 .data.readSpeedXScaled
                0x20000014        0x4 build/./Core/Src/main.o
                0x20000014                readSpeedXScaled
 .data.flgCmplt
                0x20000018        0x4 build/./Core/Src/st7789.o
                0x20000018                flgCmplt
 .data.oldNum   0x2000001c        0x4 build/./Core/Src/st7789.o
                0x2000001c                oldNum
 .data.SystemCoreClock
                0x20000020        0x4 build/./Core/Src/system_stm32f4xx.o
                0x20000020                SystemCoreClock
 .data.uwTickFreq
                0x20000024        0x1 build/./Drivers/STM32F4xx_HAL_Driver/Src/stm32f4xx_hal.o
                0x20000024                uwTickFreq
 *fill*         0x20000025        0x3 
 .data.uwTickPrio
                0x20000028        0x4 build/./Drivers/STM32F4xx_HAL_Driver/Src/stm32f4xx_hal.o
                0x20000028                uwTickPrio
 .data.USBD_AUDIO
                0x2000002c       0x38 build/./Middlewares/ST/STM32_USB_Device_Library/Class/AUDIO/Src/usbd_audio.o
                0x2000002c                USBD_AUDIO
 .data.USBD_AUDIO_CfgDesc
                0x20000064       0x6d build/./Middlewares/ST/STM32_USB_Device_Library/Class/AUDIO/Src/usbd_audio.o
 *fill*         0x200000d1        0x3 
 .data.USBD_AUDIO_DeviceQualifierDesc
                0x200000d4        0xa build/./Middlewares/ST/STM32_USB_Device_Library/Class/AUDIO/Src/usbd_audio.o
 *fill*         0x200000de        0x2 
 .data.USBD_AUDIO_fops_FS
                0x200000e0       0x1c build/./USB_DEVICE/App/usbd_audio_if.o
                0x200000e0                USBD_AUDIO_fops_FS
 .data.FS_Desc  0x200000fc       0x1c build/./USB_DEVICE/App/usbd_desc.o
                0x200000fc                FS_Desc
 .data.USBD_FS_DeviceDesc
                0x20000118       0x12 build/./USB_DEVICE/App/usbd_desc.o
                0x20000118                USBD_FS_DeviceDesc
 *fill*         0x2000012a        0x2 
 .data.USBD_LangIDDesc
                0x2000012c        0x4 build/./USB_DEVICE/App/usbd_desc.o
                0x2000012c                USBD_LangIDDesc
 .data.USBD_StringSerial
                0x20000130       0x1a build/./USB_DEVICE/App/usbd_desc.o
                0x20000130                USBD_StringSerial
 *fill*         0x2000014a        0x2 
 .data._impure_ptr
                0x2000014c        0x4 e:/vscode-cortexdebug2/tools/gnuarm/bin/../lib/gcc/arm-none-eabi/10.3.1/../../../../arm-none-eabi/lib/thumb/v7e-m+fp/hard\libc_nano.a(lib_a-impure.o)
                0x2000014c                _impure_ptr
 .data.impure_data
                0x20000150       0x60 e:/vscode-cortexdebug2/tools/gnuarm/bin/../lib/gcc/arm-none-eabi/10.3.1/../../../../arm-none-eabi/lib/thumb/v7e-m+fp/hard\libc_nano.a(lib_a-impure.o)
 *(.RamFunc)
 *(.RamFunc*)
                0x200001b0                . = ALIGN (0x4)
                0x200001b0                _edata = .

.igot.plt       0x200001b0        0x0 load address 0x08042e10
 .igot.plt      0x200001b0        0x0 e:/vscode-cortexdebug2/tools/gnuarm/bin/../lib/gcc/arm-none-eabi/10.3.1/thumb/v7e-m+fp/hard/crtbegin.o
                0x200001b0                . = ALIGN (0x4)

.bss            0x200001b0     0xd278 load address 0x08042e10
                0x200001b0                _sbss = .
                0x200001b0                __bss_start__ = _sbss
 *(.bss)
 .bss           0x200001b0       0x1c e:/vscode-cortexdebug2/tools/gnuarm/bin/../lib/gcc/arm-none-eabi/10.3.1/thumb/v7e-m+fp/hard/crtbegin.o
 *(.bss*)
 .bss.AUDIO_OUT_Play_Counter
                0x200001cc        0x4 build/./Core/Src/main.o
                0x200001cc                AUDIO_OUT_Play_Counter
 .bss.AUDIO_PeriodicTC_FS_Counter
                0x200001d0        0x4 build/./Core/Src/main.o
                0x200001d0                AUDIO_PeriodicTC_FS_Counter
 .bss.HalfTransfer_CallBack_FS_Counter
                0x200001d4        0x4 build/./Core/Src/main.o
                0x200001d4                HalfTransfer_CallBack_FS_Counter
 .bss.TransferComplete_CallBack_FS_Counter
                0x200001d8        0x4 build/./Core/Src/main.o
                0x200001d8                TransferComplete_CallBack_FS_Counter
 .bss.UsbSamplesAvail
                0x200001dc        0x4 build/./Core/Src/main.o
                0x200001dc                UsbSamplesAvail
 .bss.ampL      0x200001e0        0x4 build/./Core/Src/main.o
                0x200001e0                ampL
 .bss.ampR      0x200001e4        0x4 build/./Core/Src/main.o
                0x200001e4                ampR
 .bss.appDistErr
                0x200001e8        0x4 build/./Core/Src/main.o
                0x200001e8                appDistErr
 .bss.baudio_buffer
                0x200001ec      0x400 build/./Core/Src/main.o
                0x200001ec                baudio_buffer
 .bss.ctable    0x200005ec      0x200 build/./Core/Src/main.o
                0x200005ec                ctable
 .bss.ftable    0x200007ec     0x6400 build/./Core/Src/main.o
                0x200007ec                ftable
 .bss.hdma_spi2_tx
                0x20006bec       0x60 build/./Core/Src/main.o
                0x20006bec                hdma_spi2_tx
 .bss.hdma_spi3_tx
                0x20006c4c       0x60 build/./Core/Src/main.o
                0x20006c4c                hdma_spi3_tx
 .bss.hi2s2     0x20006cac       0x48 build/./Core/Src/main.o
                0x20006cac                hi2s2
 .bss.hspi1     0x20006cf4       0x58 build/./Core/Src/main.o
                0x20006cf4                hspi1
 .bss.hspi3     0x20006d4c       0x58 build/./Core/Src/main.o
                0x20006d4c                hspi3
 .bss.htim2     0x20006da4       0x48 build/./Core/Src/main.o
                0x20006da4                htim2
 .bss.htim3     0x20006dec       0x48 build/./Core/Src/main.o
                0x20006dec                htim3
 .bss.huart1    0x20006e34       0x44 build/./Core/Src/main.o
                0x20006e34                huart1
 .bss.inputSpeed
                0x20006e78        0x4 build/./Core/Src/main.o
                0x20006e78                inputSpeed
 .bss.lastAudioUsbTimeStamp
                0x20006e7c        0x2 build/./Core/Src/main.o
                0x20006e7c                lastAudioUsbTimeStamp
 .bss.lastDmaAccessTime
                0x20006e7e        0x2 build/./Core/Src/main.o
                0x20006e7e                lastDmaAccessTime
 .bss.lastDmaPos
                0x20006e80        0x4 build/./Core/Src/main.o
                0x20006e80                lastDmaPos
 .bss.outDmaSpeedScaled
                0x20006e84        0x4 build/./Core/Src/main.o
                0x20006e84                outDmaSpeedScaled
 .bss.pnt_mean  0x20006e88        0x4 build/./Core/Src/main.o
                0x20006e88                pnt_mean
 .bss.pnt_timeForRecivedSamples_mean
                0x20006e8c        0x4 build/./Core/Src/main.o
                0x20006e8c                pnt_timeForRecivedSamples_mean
 .bss.readPositionXScaled
                0x20006e90        0x4 build/./Core/Src/main.o
                0x20006e90                readPositionXScaled
 .bss.sForcedSpeed
                0x20006e94        0x4 build/./Core/Src/main.o
                0x20006e94                sForcedSpeed
 .bss.samplesInBuff
                0x20006e98        0x4 build/./Core/Src/main.o
                0x20006e98                samplesInBuff
 .bss.samplesInBuffH
                0x20006e9c        0x4 build/./Core/Src/main.o
                0x20006e9c                samplesInBuffH
 .bss.samplesInBuffScaled
                0x20006ea0        0x4 build/./Core/Src/main.o
                0x20006ea0                samplesInBuffScaled
 .bss.static_L_channel2_SCALED
                0x20006ea4        0x8 build/./Core/Src/main.o
                0x20006ea4                static_L_channel2_SCALED
 .bss.static_R_channel2_SCALED
                0x20006eac        0x8 build/./Core/Src/main.o
                0x20006eac                static_R_channel2_SCALED
 .bss.tfl_mean  0x20006eb4        0xc build/./Core/Src/main.o
                0x20006eb4                tfl_mean
 .bss.timeForRecivedSamples_mean
                0x20006ec0        0xc build/./Core/Src/main.o
                0x20006ec0                timeForRecivedSamples_mean
 .bss.usb_SndBuffer
                0x20006ecc        0x4 build/./Core/Src/main.o
                0x20006ecc                usb_SndBuffer
 .bss.Cmd_Pin   0x20006ed0        0x4 build/./Core/Src/st7789.o
                0x20006ed0                Cmd_Pin
 .bss.Cmd_Port  0x20006ed4        0x4 build/./Core/Src/st7789.o
                0x20006ed4                Cmd_Port
 .bss.SPIH      0x20006ed8        0x4 build/./Core/Src/st7789.o
                0x20006ed8                SPIH
 .bss._xstart   0x20006edc        0x1 build/./Core/Src/st7789.o
                0x20006edc                _xstart
 .bss._ystart   0x20006edd        0x1 build/./Core/Src/st7789.o
                0x20006edd                _ystart
 .bss.buff      0x20006ede     0x2000 build/./Core/Src/st7789.o
                0x20006ede                buff
 *fill*         0x20008ede        0x2 
 .bss.__sbrk_heap_end
                0x20008ee0        0x4 build/./Core/Src/sysmem.o
 .bss.uwTick    0x20008ee4        0x4 build/./Drivers/STM32F4xx_HAL_Driver/Src/stm32f4xx_hal.o
                0x20008ee4                uwTick
 .bss.cfgidx.0  0x20008ee8        0x1 build/./Middlewares/ST/STM32_USB_Device_Library/Core/Src/usbd_ctlreq.o
 *fill*         0x20008ee9        0x3 
 .bss.hUsbDeviceFS
                0x20008eec      0x2d0 build/./USB_DEVICE/App/usb_device.o
                0x20008eec                hUsbDeviceFS
 .bss.USBD_StrDesc
                0x200091bc      0x200 build/./USB_DEVICE/App/usbd_desc.o
                0x200091bc                USBD_StrDesc
 .bss.hpcd_USB_OTG_FS
                0x200093bc      0x408 build/./USB_DEVICE/Target/usbd_conf.o
                0x200093bc                hpcd_USB_OTG_FS
 .bss.mem.0     0x200097c4     0x3c54 build/./USB_DEVICE/Target/usbd_conf.o
 .bss.__lock___malloc_recursive_mutex
                0x2000d418        0x1 e:/vscode-cortexdebug2/tools/gnuarm/bin/../lib/gcc/arm-none-eabi/10.3.1/../../../../arm-none-eabi/lib/thumb/v7e-m+fp/hard\libc_nano.a(lib_a-lock.o)
                0x2000d418                __lock___malloc_recursive_mutex
 .bss.__lock___sfp_recursive_mutex
                0x2000d419        0x1 e:/vscode-cortexdebug2/tools/gnuarm/bin/../lib/gcc/arm-none-eabi/10.3.1/../../../../arm-none-eabi/lib/thumb/v7e-m+fp/hard\libc_nano.a(lib_a-lock.o)
                0x2000d419                __lock___sfp_recursive_mutex
 .bss.__lock___sinit_recursive_mutex
                0x2000d41a        0x1 e:/vscode-cortexdebug2/tools/gnuarm/bin/../lib/gcc/arm-none-eabi/10.3.1/../../../../arm-none-eabi/lib/thumb/v7e-m+fp/hard\libc_nano.a(lib_a-lock.o)
                0x2000d41a                __lock___sinit_recursive_mutex
 *fill*         0x2000d41b        0x1 
 .bss.__malloc_free_list
                0x2000d41c        0x4 e:/vscode-cortexdebug2/tools/gnuarm/bin/../lib/gcc/arm-none-eabi/10.3.1/../../../../arm-none-eabi/lib/thumb/v7e-m+fp/hard\libc_nano.a(lib_a-nano-mallocr.o)
                0x2000d41c                __malloc_free_list
 .bss.__malloc_sbrk_start